<html>
<body>
<pre>
<h1>µVision Build Log</h1>
<h2>Tool Versions:</h2>
IDE-Version: •ÏVision V5.25.2.0
Copyright (C) 2018 ARM Ltd and ARM Germany GmbH. All rights reserved.
License Information: HyeonJin Park, Ajou Univ., LIC=----
 
Tool Versions:
Toolchain:       MDK-Lite  Version: 5.25.2.0
Toolchain Path:  C:\Keil_v5\ARM\ARMCC\Bin
C Compiler:      Armcc.exe V5.06 update 6 (build 750)
Assembler:       Armasm.exe V5.06 update 6 (build 750)
Linker/Locator:  ArmLink.exe V5.06 update 6 (build 750)
Library Manager: ArmAr.exe V5.06 update 6 (build 750)
Hex Converter:   FromElf.exe V5.06 update 6 (build 750)
CPU DLL:         SARMCM3.DLL V5.25.2.0
Dialog DLL:      DARMP1.DLL V1.27.0.0
Target DLL:      UL2CM3.DLL V1.160.12.0
Dialog DLL:      TARMP1.DLL V1.26.0.0
 
<h2>Project:</h2>
C:\Users\HJ\Documents\GitHub\Embedded_AirHandler\AirHandler.uvprojx
Project File Date:  09/12/2020

<h2>Output:</h2>
*** Using Compiler 'V5.06 update 6 (build 750)', folder: 'C:\Keil_v5\ARM\ARMCC\Bin'
Rebuild target 'Target 1'
compiling led.c...
Driver\source\led.c(27): warning:  #61-D: integer operation result is out of range
  			LPC_GPIO1->FIOSET = (1<<31);
Driver\source\led.c(27): warning:  #68-D: integer conversion resulted in a change of sign
  			LPC_GPIO1->FIOSET = (1<<31);
Driver\source\led.c(65): warning:  #61-D: integer operation result is out of range
  			LPC_GPIO1->FIOCLR = (1<<31);
Driver\source\led.c(65): warning:  #68-D: integer conversion resulted in a change of sign
  			LPC_GPIO1->FIOCLR = (1<<31);
Driver\source\led.c(94): warning:  #61-D: integer operation result is out of range
  	LPC_GPIO1->FIOSET = (1<<31);
Driver\source\led.c(94): warning:  #68-D: integer conversion resulted in a change of sign
  	LPC_GPIO1->FIOSET = (1<<31);
Driver\source\led.c(106): warning:  #61-D: integer operation result is out of range
  	LPC_GPIO1->FIOCLR = (1<<31);
Driver\source\led.c(106): warning:  #68-D: integer conversion resulted in a change of sign
  	LPC_GPIO1->FIOCLR = (1<<31);
Driver\source\led.c: 8 warnings, 0 errors
compiling debug_frmwrk.c...
compiling Clock.c...
compiling motor.c...
.\Driver\header\motor.h(16): warning:  #1295-D: Deprecated declaration Cycle_Init - give arg types
  void Cycle_Init();
Driver\source\motor.c(155): warning:  #1-D: last line of file ends without a newline
  }
Driver\source\motor.c: 2 warnings, 0 errors
compiling fnd.c...
compiling test.c...
.\Driver\header\motor.h(16): warning:  #1295-D: Deprecated declaration Cycle_Init - give arg types
  void Cycle_Init();
test.c: 1 warning, 0 errors
compiling keypad.c...
compiling lpc17xx_libcfg_default.c...
compiling lpc17xx_clkpwr.c...
compiling lpc17xx_adc.c...
compiling lpc17xx_pinsel.c...
compiling mode.c...
Driver\source\mode.c(124): warning:  #1-D: last line of file ends without a newline
  }
Driver\source\mode.c(64): warning:  #177-D: variable "tmp"  was declared but never referenced
  	uint8_t tmp = 0;
Driver\source\mode.c: 2 warnings, 0 errors
compiling lpc17xx_exti.c...
compiling lpc17xx_uart.c...
compiling lpc17xx_timer.c...
assembling startup_LPC17xx.s...
compiling system_LPC17xx.c...
linking...
Program Size: Code=8468 RO-data=236 RW-data=48 ZI-data=624  
".\Objects\11.axf" - 0 Error(s), 13 Warning(s).

<h2>Software Packages used:</h2>

Package Vendor: Keil
                http://www.keil.com/pack/Keil.LPC1700_DFP.2.6.0.pack
                Keil.LPC1700_DFP.2.6.0
                NXP LPC1700 Series Device Support, Drivers and Examples for MCB1700 and LPC1788-32
   * Component: Startup Version: 1.0.0

<h2>Collection of Component include folders:</h2>
  .\RTE\_Target_1
  C:\Keil_v5\ARM\PACK\Keil\LPC1700_DFP\2.6.0\Device\Include

<h2>Collection of Component Files used:</h2>

   * Component: Keil::Device:Startup:1.0.0
      Source file:   Device\Source\system_LPC17xx.c
      Source file:   Device\Source\ARM\startup_LPC17xx.s
      Include file:  Device\Include\LPC17xx.h
Build Time Elapsed:  00:00:02
</pre>
</body>
</html>
