<html>
<body>
<pre>
<h1>µVision Build Log</h1>
<h2>Tool Versions:</h2>
IDE-Version: •ÏVision V5.25.2.0
Copyright (C) 2018 ARM Ltd and ARM Germany GmbH. All rights reserved.
License Information: HyeonJin Park, Ajou Univ., LIC=----
 
Tool Versions:
Toolchain:       MDK-Lite  Version: 5.25.2.0
Toolchain Path:  C:\Keil_v5\ARM\ARMCC\Bin
C Compiler:      Armcc.exe V5.06 update 6 (build 750)
Assembler:       Armasm.exe V5.06 update 6 (build 750)
Linker/Locator:  ArmLink.exe V5.06 update 6 (build 750)
Library Manager: ArmAr.exe V5.06 update 6 (build 750)
Hex Converter:   FromElf.exe V5.06 update 6 (build 750)
CPU DLL:         SARMCM3.DLL V5.25.2.0
Dialog DLL:      DARMP1.DLL V1.27.0.0
Target DLL:      UL2CM3.DLL V1.160.12.0
Dialog DLL:      TARMP1.DLL V1.26.0.0
 
<h2>Project:</h2>
C:\Users\HJ\Desktop\Cortex-M3\source_code\AirHandler\main.uvprojx
Project File Date:  09/11/2020

<h2>Output:</h2>
*** Using Compiler 'V5.06 update 6 (build 750)', folder: 'C:\Keil_v5\ARM\ARMCC\Bin'
Rebuild target 'AirHandler'
compiling lpc17xx_libcfg_default.c...
compiling main.c...
main.c(5): warning:  #1-D: last line of file ends without a newline
  }
main.c: 1 warning, 0 errors
compiling debug_frmwrk.c...
compiling lpc17xx_exti.c...
compiling lpc17xx_clkpwr.c...
compiling lpc17xx_adc.c...
compiling lpc17xx_gpio.c...
compiling lpc17xx_mcpwm.c...
compiling lpc17xx_pinsel.c...
compiling LPC1768_fnd.c...
compiling lpc17xx_pwm.c...
compiling lpc17xx_timer.c...
compiling LPC1768_motor.c...
compiling lpc17xx_uart.c...
compiling LPC1768_utility.c...
..\Huins_NXP_LPC1768_Library\Drivers\source\LPC1768_utility.c(75): warning:  #61-D: integer operation result is out of range
  			GPIO_SetDir(GPIO_PORT_1, (1<<28) | (1<<29) | (1<<31), OUTPUT); 
..\Huins_NXP_LPC1768_Library\Drivers\source\LPC1768_utility.c(126): warning:  #61-D: integer operation result is out of range
  			GPIO_SetValue(GPIO_PORT_1, (1<<28) | (1<<29) | (1<<31));
..\Huins_NXP_LPC1768_Library\Drivers\source\LPC1768_utility.c: 2 warnings, 0 errors
assembling startup_LPC17xx.s...
compiling system_LPC17xx.c...
linking...
Program Size: Code=640 RO-data=448 RW-data=0 ZI-data=608  
".\Objects\main.axf" - 0 Error(s), 3 Warning(s).

<h2>Software Packages used:</h2>

Package Vendor: Keil
                http://www.keil.com/pack/Keil.LPC1700_DFP.2.6.0.pack
                Keil.LPC1700_DFP.2.6.0
                NXP LPC1700 Series Device Support, Drivers and Examples for MCB1700 and LPC1788-32
   * Component: Startup Version: 1.0.0

<h2>Collection of Component include folders:</h2>
  .\RTE\_AirHandler
  C:\Keil_v5\ARM\PACK\Keil\LPC1700_DFP\2.6.0\Device\Include

<h2>Collection of Component Files used:</h2>

   * Component: Keil::Device:Startup:1.0.0
      Source file:   Device\Source\ARM\startup_LPC17xx.s
      Source file:   Device\Source\system_LPC17xx.c
      Include file:  Device\Include\LPC17xx.h
Build Time Elapsed:  00:00:06
</pre>
</body>
</html>
