Component: ARM Compiler 5.06 update 6 (build 750) Tool: armlink [4d35ed]

==============================================================================

Section Cross References

    test.o(i.ADCConfig) refers to test.o(i.PinConfig) for PinConfig
    test.o(i.ADCConfig) refers to lpc17xx_adc.o(i.ADC_Init) for ADC_Init
    test.o(i.ADCConfig) refers to lpc17xx_adc.o(i.ADC_IntConfig) for ADC_IntConfig
    test.o(i.ADCConfig) refers to lpc17xx_adc.o(i.ADC_ChannelCmd) for ADC_ChannelCmd
    test.o(i.ADC_IRQHandler) refers to lpc17xx_adc.o(i.ADC_ChannelGetStatus) for ADC_ChannelGetStatus
    test.o(i.ADC_IRQHandler) refers to lpc17xx_adc.o(i.ADC_ChannelGetData) for ADC_ChannelGetData
    test.o(i.ADC_IRQHandler) refers to motor.o(i.Cycle) for Cycle
    test.o(i.ADC_IRQHandler) refers to test.o(.data) for adc_value
    test.o(i.EINT0_IRQHandler) refers to lpc17xx_exti.o(i.EXTI_ClearEXTIFlag) for EXTI_ClearEXTIFlag
    test.o(i.EINT0_IRQHandler) refers to motor.o(i.Cycle) for Cycle
    test.o(i.EINT0_IRQHandler) refers to test.o(.data) for int_flag
    test.o(i.EXTIConfig) refers to lpc17xx_exti.o(i.EXTI_Init) for EXTI_Init
    test.o(i.EXTIConfig) refers to lpc17xx_pinsel.o(i.AF_ConfigPin) for AF_ConfigPin
    test.o(i.EXTIConfig) refers to lpc17xx_exti.o(i.EXTI_ConfigPin) for EXTI_ConfigPin
    test.o(i.PinConfig) refers to lpc17xx_pinsel.o(i.PINSEL_ConfigPin) for PINSEL_ConfigPin
    test.o(i.TIMER0Config) refers to lpc17xx_timer.o(i.TIM_Init) for TIM_Init
    test.o(i.TIMER0Config) refers to lpc17xx_timer.o(i.TIM_ConfigMatch) for TIM_ConfigMatch
    test.o(i.TIMER0Config) refers to test.o(.data) for TIM_ConfigStruct
    test.o(i.TIMER0Config) refers to test.o(.bss) for TIM_MatchConfigStruct
    test.o(i.TIMER0_IRQHandler) refers to lpc17xx_timer.o(i.TIM_ClearIntPending) for TIM_ClearIntPending
    test.o(i.TIMER0_IRQHandler) refers to test.o(.data) for time_flag
    test.o(i.main) refers to system_lpc17xx.o(i.SystemInit) for SystemInit
    test.o(i.main) refers to motor.o(i.Motor_Init) for Motor_Init
    test.o(i.main) refers to led.o(i.Led_Init) for Led_Init
    test.o(i.main) refers to led.o(i.Led_All_Off) for Led_All_Off
    test.o(i.main) refers to clock.o(i.Joystick_Init) for Joystick_Init
    test.o(i.main) refers to test.o(i.EXTIConfig) for EXTIConfig
    test.o(i.main) refers to test.o(i.ADCConfig) for ADCConfig
    test.o(i.main) refers to test.o(i.TIMER0Config) for TIMER0Config
    test.o(i.main) refers to test.o(i.NVIC_SetPriority) for NVIC_SetPriority
    test.o(i.main) refers to test.o(i.NVIC_EnableIRQ) for NVIC_EnableIRQ
    test.o(i.main) refers to lpc17xx_timer.o(i.TIM_Cmd) for TIM_Cmd
    test.o(i.main) refers to lpc17xx_adc.o(i.ADC_StartCmd) for ADC_StartCmd
    test.o(i.main) refers to test.o(i.Delay) for Delay
    test.o(i.main) refers to clock.o(i.Joystick_read) for Joystick_read
    test.o(i.main) refers to clock.o(i.FND_printing) for FND_printing
    test.o(i.main) refers to clock.o(i.Time_Handler) for Time_Handler
    test.o(i.main) refers to clock.o(i.Time_SelectDP) for Time_SelectDP
    test.o(i.main) refers to test.o(.data) for int_flag
    debug_frmwrk.o(i.UARTGetChar) refers to lpc17xx_uart.o(i.UART_Receive) for UART_Receive
    debug_frmwrk.o(i.UARTPutChar) refers to lpc17xx_uart.o(i.UART_Send) for UART_Send
    debug_frmwrk.o(i.UARTPutDec) refers to debug_frmwrk.o(i.UARTPutChar) for UARTPutChar
    debug_frmwrk.o(i.UARTPutDec16) refers to debug_frmwrk.o(i.UARTPutChar) for UARTPutChar
    debug_frmwrk.o(i.UARTPutDec32) refers to debug_frmwrk.o(i.UARTPutChar) for UARTPutChar
    debug_frmwrk.o(i.UARTPutHex) refers to debug_frmwrk.o(i.UARTPuts) for UARTPuts
    debug_frmwrk.o(i.UARTPutHex) refers to debug_frmwrk.o(i.UARTPutChar) for UARTPutChar
    debug_frmwrk.o(i.UARTPutHex16) refers to debug_frmwrk.o(i.UARTPuts) for UARTPuts
    debug_frmwrk.o(i.UARTPutHex16) refers to debug_frmwrk.o(i.UARTPutChar) for UARTPutChar
    debug_frmwrk.o(i.UARTPutHex32) refers to debug_frmwrk.o(i.UARTPuts) for UARTPuts
    debug_frmwrk.o(i.UARTPutHex32) refers to debug_frmwrk.o(i.UARTPutChar) for UARTPutChar
    debug_frmwrk.o(i.UARTPuts) refers to debug_frmwrk.o(i.UARTPutChar) for UARTPutChar
    debug_frmwrk.o(i.UARTPuts_) refers to debug_frmwrk.o(i.UARTPuts) for UARTPuts
    debug_frmwrk.o(i.debug_frmwrk_init) refers to lpc17xx_pinsel.o(i.PINSEL_ConfigPin) for PINSEL_ConfigPin
    debug_frmwrk.o(i.debug_frmwrk_init) refers to lpc17xx_uart.o(i.UART_ConfigStructInit) for UART_ConfigStructInit
    debug_frmwrk.o(i.debug_frmwrk_init) refers to lpc17xx_uart.o(i.UART_Init) for UART_Init
    debug_frmwrk.o(i.debug_frmwrk_init) refers to lpc17xx_uart.o(i.UART_TxCmd) for UART_TxCmd
    debug_frmwrk.o(i.debug_frmwrk_init) refers to debug_frmwrk.o(i.UARTPuts) for UARTPuts
    debug_frmwrk.o(i.debug_frmwrk_init) refers to debug_frmwrk.o(.data) for _db_msg
    debug_frmwrk.o(i.debug_frmwrk_init) refers to debug_frmwrk.o(i.UARTPuts_) for UARTPuts_
[...]
    lpc17xx_gpio.o(i.FIO_SetDir) refers to lpc17xx_gpio.o(i.GPIO_SetDir) for GPIO_SetDir
    lpc17xx_gpio.o(i.FIO_SetMask) refers to lpc17xx_gpio.o(i.GPIO_GetPointer) for GPIO_GetPointer
    lpc17xx_gpio.o(i.FIO_SetValue) refers to lpc17xx_gpio.o(i.GPIO_SetValue) for GPIO_SetValue
    lpc17xx_gpio.o(i.GPIO_ClearValue) refers to lpc17xx_gpio.o(i.GPIO_GetPointer) for GPIO_GetPointer
    lpc17xx_gpio.o(i.GPIO_ReadValue) refers to lpc17xx_gpio.o(i.GPIO_GetPointer) for GPIO_GetPointer
    lpc17xx_gpio.o(i.GPIO_SetDir) refers to lpc17xx_gpio.o(i.GPIO_GetPointer) for GPIO_GetPointer
    lpc17xx_gpio.o(i.GPIO_SetValue) refers to lpc17xx_gpio.o(i.GPIO_GetPointer) for GPIO_GetPointer
    lpc17xx_pinsel.o(i.AF_ConfigPin) refers to lpc17xx_pinsel.o(i.PINSEL_ConfigPin) for PINSEL_ConfigPin
    lpc17xx_pinsel.o(i.PINSEL_ConfigPin) refers to lpc17xx_pinsel.o(i.set_PinFunc) for set_PinFunc
    lpc17xx_pinsel.o(i.PINSEL_ConfigPin) refers to lpc17xx_pinsel.o(i.set_ResistorMode) for set_ResistorMode
    lpc17xx_pinsel.o(i.PINSEL_ConfigPin) refers to lpc17xx_pinsel.o(i.set_OpenDrainMode) for set_OpenDrainMode
    lpc17xx_uart.o(i.UART_ABClearIntPending) refers to lpc17xx_libcfg_default.o(i.check_failed) for check_failed
    lpc17xx_uart.o(i.UART_ABCmd) refers to lpc17xx_libcfg_default.o(i.check_failed) for check_failed
    lpc17xx_uart.o(i.UART_DeInit) refers to lpc17xx_libcfg_default.o(i.check_failed) for check_failed
    lpc17xx_uart.o(i.UART_DeInit) refers to lpc17xx_uart.o(i.UART_TxCmd) for UART_TxCmd
    lpc17xx_uart.o(i.UART_DeInit) refers to lpc17xx_clkpwr.o(i.CLKPWR_ConfigPPWR) for CLKPWR_ConfigPPWR
    lpc17xx_uart.o(i.UART_FIFOConfig) refers to lpc17xx_libcfg_default.o(i.check_failed) for check_failed
    lpc17xx_uart.o(i.UART_ForceBreak) refers to lpc17xx_libcfg_default.o(i.check_failed) for check_failed
    lpc17xx_uart.o(i.UART_FullModemConfigMode) refers to lpc17xx_libcfg_default.o(i.check_failed) for check_failed
    lpc17xx_uart.o(i.UART_FullModemForcePinState) refers to lpc17xx_libcfg_default.o(i.check_failed) for check_failed
    lpc17xx_uart.o(i.UART_FullModemGetStatus) refers to lpc17xx_libcfg_default.o(i.check_failed) for check_failed
    lpc17xx_uart.o(i.UART_GetIntId) refers to lpc17xx_libcfg_default.o(i.check_failed) for check_failed
    lpc17xx_uart.o(i.UART_GetLineStatus) refers to lpc17xx_libcfg_default.o(i.check_failed) for check_failed
    lpc17xx_uart.o(i.UART_Init) refers to lpc17xx_libcfg_default.o(i.check_failed) for check_failed
    lpc17xx_uart.o(i.UART_Init) refers to lpc17xx_clkpwr.o(i.CLKPWR_ConfigPPWR) for CLKPWR_ConfigPPWR
    lpc17xx_uart.o(i.UART_Init) refers to lpc17xx_uart.o(i.uart_set_divisors) for uart_set_divisors
    lpc17xx_uart.o(i.UART_IntConfig) refers to lpc17xx_libcfg_default.o(i.check_failed) for check_failed
    lpc17xx_uart.o(i.UART_IrDACmd) refers to lpc17xx_libcfg_default.o(i.check_failed) for check_failed
    lpc17xx_uart.o(i.UART_IrDAInvtInputCmd) refers to lpc17xx_libcfg_default.o(i.check_failed) for check_failed
    lpc17xx_uart.o(i.UART_IrDAPulseDivConfig) refers to lpc17xx_libcfg_default.o(i.check_failed) for check_failed
    lpc17xx_uart.o(i.UART_RS485Config) refers to lpc17xx_libcfg_default.o(i.check_failed) for check_failed
    lpc17xx_uart.o(i.UART_RS485Send) refers to lpc17xx_uart.o(i.UART_Send) for UART_Send
    lpc17xx_uart.o(i.UART_RS485SendData) refers to lpc17xx_uart.o(i.UART_RS485Send) for UART_RS485Send
    lpc17xx_uart.o(i.UART_RS485SendSlvAddr) refers to lpc17xx_uart.o(i.UART_RS485Send) for UART_RS485Send
    lpc17xx_uart.o(i.UART_Receive) refers to lpc17xx_uart.o(i.UART_ReceiveByte) for UART_ReceiveByte
    lpc17xx_uart.o(i.UART_ReceiveByte) refers to lpc17xx_libcfg_default.o(i.check_failed) for check_failed
    lpc17xx_uart.o(i.UART_Send) refers to lpc17xx_uart.o(i.UART_SendByte) for UART_SendByte
    lpc17xx_uart.o(i.UART_SendByte) refers to lpc17xx_libcfg_default.o(i.check_failed) for check_failed
    lpc17xx_uart.o(i.UART_TxCmd) refers to lpc17xx_libcfg_default.o(i.check_failed) for check_failed
    lpc17xx_uart.o(i.Uart0_Init) refers to lpc17xx_pinsel.o(i.AF_ConfigPin) for AF_ConfigPin
    lpc17xx_uart.o(i.Uart0_Init) refers to lpc17xx_uart.o(i.UART_ConfigStructInit) for UART_ConfigStructInit
    lpc17xx_uart.o(i.Uart0_Init) refers to lpc17xx_uart.o(i.UART_Init) for UART_Init
    lpc17xx_uart.o(i.Uart0_Init) refers to lpc17xx_uart.o(i.UART_TxCmd) for UART_TxCmd
    lpc17xx_uart.o(i.uart_set_divisors) refers to lpc17xx_clkpwr.o(i.CLKPWR_GetPCLK) for CLKPWR_GetPCLK
    lpc17xx_uart.o(i.uart_set_divisors) refers to lludivv7m.o(.text) for __aeabi_uldivmod
    fnd.o(i.FND_COM) refers to fnd.o(i.FND_COM_Init) for FND_COM_Init
    fnd.o(i.FND_COM) refers to fnd.o(i.FND_COM_CS) for FND_COM_CS
    fnd.o(i.FND_COM_DATA) refers to fnd.o(i.FND_COM) for FND_COM
    fnd.o(i.FND_COM_DATA) refers to fnd.o(i.FND_DATA) for FND_DATA
    fnd.o(i.FND_DATA) refers to fnd.o(i.FND_Data_Reset) for FND_Data_Reset
    fnd.o(i.FND_DATA) refers to fnd.o(i.FND_Data_CS) for FND_Data_CS
    fnd.o(i.FND_Data_Reset) refers to fnd.o(i.FND_Data_CS) for FND_Data_CS
    motor.o(i.Cycle) refers to test.o(i.Delay) for Delay
    motor.o(i.Cycle) refers to test.o(.data) for adc_flag
    motor.o(i.Cycle) refers to system_lpc17xx.o(.data) for SystemCoreClock
    keypad.o(i.Keypad) refers to keypad.o(i.Keypad_DIR_Input) for Keypad_DIR_Input
    keypad.o(i.Keypad) refers to keypad.o(i.EXT_IO_A_CS) for EXT_IO_A_CS
    keypad.o(i.Keypad) refers to keypad.o(i.EXT_IO_B_CS) for EXT_IO_B_CS
    keypad.o(i.Keypad) refers to keypad.o(i.EXT_IO_C_CS) for EXT_IO_C_CS
    keypad.o(i.Keypad) refers to keypad.o(i.Keypad_Output_Row_1) for Keypad_Output_Row_1
    keypad.o(i.Keypad) refers to keypad.o(i.Keypad_Input) for Keypad_Input
    keypad.o(i.Keypad) refers to keypad.o(i.Keypad_Output_Row_2) for Keypad_Output_Row_2
    keypad.o(i.Keypad) refers to keypad.o(i.Keypad_Output_Row_3) for Keypad_Output_Row_3
    keypad.o(i.Keypad) refers to keypad.o(i.Keypad_Output_Row_4) for Keypad_Output_Row_4
    keypad.o(i.Keypad) refers to fnd.o(i.FND_Init) for FND_Init
    keypad.o(i.Keypad_Output_Row_1) refers to keypad.o(i.Keypad_DIR_Output) for Keypad_DIR_Output
    keypad.o(i.Keypad_Output_Row_2) refers to keypad.o(i.Keypad_DIR_Output) for Keypad_DIR_Output
    keypad.o(i.Keypad_Output_Row_3) refers to keypad.o(i.Keypad_DIR_Output) for Keypad_DIR_Output
    keypad.o(i.Keypad_Output_Row_4) refers to keypad.o(i.Keypad_DIR_Output) for Keypad_DIR_Output
    clock.o(i.FND_printing) refers to fnd.o(i.FND_COM_DATA) for FND_COM_DATA
    clock.o(i.FND_printing) refers to test.o(i.Delay) for Delay
    clock.o(i.FND_printing) refers to test.o(.data) for time_1m
    clock.o(i.Joystick_read) refers to test.o(i.Delay) for Delay
    clock.o(i.Joystick_read) refers to test.o(.data) for time_handle_check
    clock.o(i.Joystick_read) refers to system_lpc17xx.o(.data) for SystemCoreClock
    clock.o(i.Time_Handler) refers to clock.o(i.Time_plus) for Time_plus
    clock.o(i.Time_Handler) refers to clock.o(i.Time_minus) for Time_minus
    clock.o(i.Time_Handler) refers to test.o(.data) for time_select
    clock.o(i.Time_SelectDP) refers to fnd.o(i.FND_COM_DATA) for FND_COM_DATA
    clock.o(i.Time_SelectDP) refers to test.o(.data) for time_flag
    clock.o(i.Time_minus) refers to test.o(.data) for time_1m
    clock.o(i.Time_plus) refers to test.o(.data) for time_1m
    lpc17xx_timer.o(i.TIM_ClearIntCapturePending) refers to lpc17xx_libcfg_default.o(i.check_failed) for check_failed
    lpc17xx_timer.o(i.TIM_ClearIntPending) refers to lpc17xx_libcfg_default.o(i.check_failed) for check_failed
    lpc17xx_timer.o(i.TIM_Cmd) refers to lpc17xx_libcfg_default.o(i.check_failed) for check_failed
    lpc17xx_timer.o(i.TIM_ConfigCapture) refers to lpc17xx_libcfg_default.o(i.check_failed) for check_failed
    lpc17xx_timer.o(i.TIM_ConfigMatch) refers to lpc17xx_libcfg_default.o(i.check_failed) for check_failed
    lpc17xx_timer.o(i.TIM_DeInit) refers to lpc17xx_libcfg_default.o(i.check_failed) for check_failed
    lpc17xx_timer.o(i.TIM_DeInit) refers to lpc17xx_clkpwr.o(i.CLKPWR_ConfigPPWR) for CLKPWR_ConfigPPWR
    lpc17xx_timer.o(i.TIM_GetCaptureValue) refers to lpc17xx_libcfg_default.o(i.check_failed) for check_failed
    lpc17xx_timer.o(i.TIM_GetIntCaptureStatus) refers to lpc17xx_libcfg_default.o(i.check_failed) for check_failed
    lpc17xx_timer.o(i.TIM_GetIntStatus) refers to lpc17xx_libcfg_default.o(i.check_failed) for check_failed
    lpc17xx_timer.o(i.TIM_Init) refers to lpc17xx_libcfg_default.o(i.check_failed) for check_failed
    lpc17xx_timer.o(i.TIM_Init) refers to lpc17xx_clkpwr.o(i.CLKPWR_ConfigPPWR) for CLKPWR_ConfigPPWR
    lpc17xx_timer.o(i.TIM_Init) refers to lpc17xx_clkpwr.o(i.CLKPWR_SetPCLKDiv) for CLKPWR_SetPCLKDiv
    lpc17xx_timer.o(i.TIM_Init) refers to lpc17xx_timer.o(i.converPtrToTimeNum) for converPtrToTimeNum
    lpc17xx_timer.o(i.TIM_Init) refers to lpc17xx_timer.o(i.converUSecToVal) for converUSecToVal
    lpc17xx_timer.o(i.TIM_ResetCounter) refers to lpc17xx_libcfg_default.o(i.check_failed) for check_failed
    lpc17xx_timer.o(i.TIM_UpdateMatchValue) refers to lpc17xx_libcfg_default.o(i.check_failed) for check_failed
    lpc17xx_timer.o(i.converUSecToVal) refers to lpc17xx_timer.o(i.getPClock) for getPClock
    lpc17xx_timer.o(i.converUSecToVal) refers to lludivv7m.o(.text) for __aeabi_uldivmod
    lpc17xx_timer.o(i.getPClock) refers to lpc17xx_clkpwr.o(i.CLKPWR_GetPCLK) for CLKPWR_GetPCLK
    startup_lpc17xx.o(STACK) refers (Special) to heapauxi.o(.text) for __use_two_region_memory
    startup_lpc17xx.o(HEAP) refers (Special) to heapauxi.o(.text) for __use_two_region_memory
    startup_lpc17xx.o(RESET) refers (Special) to heapauxi.o(.text) for __use_two_region_memory
    startup_lpc17xx.o(RESET) refers to startup_lpc17xx.o(STACK) for __initial_sp
    startup_lpc17xx.o(RESET) refers to startup_lpc17xx.o(.text) for Reset_Handler
    startup_lpc17xx.o(RESET) refers to test.o(i.TIMER0_IRQHandler) for TIMER0_IRQHandler
    startup_lpc17xx.o(RESET) refers to test.o(i.EINT0_IRQHandler) for EINT0_IRQHandler
    startup_lpc17xx.o(RESET) refers to test.o(i.ADC_IRQHandler) for ADC_IRQHandler
    startup_lpc17xx.o(.ARM.__at_0x02FC) refers (Special) to heapauxi.o(.text) for __use_two_region_memory
    startup_lpc17xx.o(.text) refers (Special) to heapauxi.o(.text) for __use_two_region_memory
    startup_lpc17xx.o(.text) refers to system_lpc17xx.o(i.SystemInit) for SystemInit
    startup_lpc17xx.o(.text) refers to __main.o(!!!main) for __main
    startup_lpc17xx.o(.text) refers to startup_lpc17xx.o(HEAP) for Heap_Mem
    startup_lpc17xx.o(.text) refers to startup_lpc17xx.o(STACK) for Stack_Mem
    system_lpc17xx.o(i.SystemCoreClockUpdate) refers to lludivv7m.o(.text) for __aeabi_uldivmod
    system_lpc17xx.o(i.SystemCoreClockUpdate) refers to system_lpc17xx.o(.data) for SystemCoreClock
    __main.o(!!!main) refers to __rtentry.o(.ARM.Collect$$rtentry$$00000000) for __rt_entry
    __rtentry.o(.ARM.Collect$$rtentry$$00000000) refers (Special) to __rtentry2.o(.ARM.Collect$$rtentry$$0000000A) for __rt_entry_li
    __rtentry.o(.ARM.Collect$$rtentry$$00000000) refers (Special) to __rtentry2.o(.ARM.Collect$$rtentry$$0000000D) for __rt_entry_main
    __rtentry.o(.ARM.Collect$$rtentry$$00000000) refers (Special) to __rtentry2.o(.ARM.Collect$$rtentry$$0000000C) for __rt_entry_postli_1
    __rtentry.o(.ARM.Collect$$rtentry$$00000000) refers (Special) to __rtentry2.o(.ARM.Collect$$rtentry$$00000009) for __rt_entry_postsh_1
    __rtentry.o(.ARM.Collect$$rtentry$$00000000) refers (Special) to __rtentry2.o(.ARM.Collect$$rtentry$$00000002) for __rt_entry_presh_1
    __rtentry.o(.ARM.Collect$$rtentry$$00000000) refers (Special) to __rtentry4.o(.ARM.Collect$$rtentry$$00000004) for __rt_entry_sh
    aeabi_ldiv0_sigfpe.o(.text) refers to rt_div0.o(.text) for __rt_div0
    __rtentry2.o(.ARM.Collect$$rtentry$$00000008) refers to boardinit2.o(.text) for _platform_post_stackheap_init
    __rtentry2.o(.ARM.Collect$$rtentry$$0000000A) refers to libinit.o(.ARM.Collect$$libinit$$00000000) for __rt_lib_init
    __rtentry2.o(.ARM.Collect$$rtentry$$0000000B) refers to boardinit3.o(.text) for _platform_post_lib_init
    __rtentry2.o(.ARM.Collect$$rtentry$$0000000D) refers to test.o(i.main) for main
    __rtentry2.o(.ARM.Collect$$rtentry$$0000000D) refers to exit.o(.text) for exit
    __rtentry2.o(.ARM.exidx) refers to __rtentry2.o(.ARM.Collect$$rtentry$$00000001) for .ARM.Collect$$rtentry$$00000001
    __rtentry2.o(.ARM.exidx) refers to __rtentry2.o(.ARM.Collect$$rtentry$$00000008) for .ARM.Collect$$rtentry$$00000008
    __rtentry2.o(.ARM.exidx) refers to __rtentry2.o(.ARM.Collect$$rtentry$$0000000A) for .ARM.Collect$$rtentry$$0000000A
    __rtentry2.o(.ARM.exidx) refers to __rtentry2.o(.ARM.Collect$$rtentry$$0000000B) for .ARM.Collect$$rtentry$$0000000B
    __rtentry2.o(.ARM.exidx) refers to __rtentry2.o(.ARM.Collect$$rtentry$$0000000D) for .ARM.Collect$$rtentry$$0000000D
    __rtentry4.o(.ARM.Collect$$rtentry$$00000004) refers to sys_stackheap_outer.o(.text) for __user_setup_stackheap
    __rtentry4.o(.ARM.exidx) refers to __rtentry4.o(.ARM.Collect$$rtentry$$00000004) for .ARM.Collect$$rtentry$$00000004
    rt_div0.o(.text) refers to defsig_fpe_outer.o(.text) for __rt_SIGFPE
    sys_stackheap_outer.o(.text) refers to libspace.o(.text) for __user_perproc_libspace
    sys_stackheap_outer.o(.text) refers to startup_lpc17xx.o(.text) for __user_initial_stackheap
    exit.o(.text) refers to rtexit.o(.ARM.Collect$$rtexit$$00000000) for __rt_exit
    defsig_fpe_outer.o(.text) refers to defsig_fpe_inner.o(.text) for __rt_SIGFPE_inner
    defsig_fpe_outer.o(.text) refers to defsig_exit.o(.text) for __sig_exit
    defsig_fpe_formal.o(.text) refers to rt_raise.o(.text) for __rt_raise
    libinit.o(.ARM.Collect$$libinit$$00000000) refers (Special) to libinit2.o(.ARM.Collect$$libinit$$0000002E) for __rt_lib_init_alloca_1
    libinit.o(.ARM.Collect$$libinit$$00000000) refers (Special) to libinit2.o(.ARM.Collect$$libinit$$0000002C) for __rt_lib_init_argv_1
    libinit.o(.ARM.Collect$$libinit$$00000000) refers (Special) to libinit2.o(.ARM.Collect$$libinit$$0000001B) for __rt_lib_init_atexit_1
    libinit.o(.ARM.Collect$$libinit$$00000000) refers (Special) to libinit2.o(.ARM.Collect$$libinit$$00000021) for __rt_lib_init_clock_1
    libinit.o(.ARM.Collect$$libinit$$00000000) refers (Special) to libinit2.o(.ARM.Collect$$libinit$$00000032) for __rt_lib_init_cpp_1
    libinit.o(.ARM.Collect$$libinit$$00000000) refers (Special) to libinit2.o(.ARM.Collect$$libinit$$00000030) for __rt_lib_init_exceptions_1
    libinit.o(.ARM.Collect$$libinit$$00000000) refers (Special) to libinit2.o(.ARM.Collect$$libinit$$00000002) for __rt_lib_init_fp_1
    libinit.o(.ARM.Collect$$libinit$$00000000) refers (Special) to libinit2.o(.ARM.Collect$$libinit$$0000001F) for __rt_lib_init_fp_trap_1
    libinit.o(.ARM.Collect$$libinit$$00000000) refers (Special) to libinit2.o(.ARM.Collect$$libinit$$00000023) for __rt_lib_init_getenv_1
    libinit.o(.ARM.Collect$$libinit$$00000000) refers (Special) to libinit2.o(.ARM.Collect$$libinit$$0000000A) for __rt_lib_init_heap_1
    libinit.o(.ARM.Collect$$libinit$$00000000) refers (Special) to libinit2.o(.ARM.Collect$$libinit$$00000011) for __rt_lib_init_lc_collate_1
    libinit.o(.ARM.Collect$$libinit$$00000000) refers (Special) to libinit2.o(.ARM.Collect$$libinit$$00000013) for __rt_lib_init_lc_ctype_1
    libinit.o(.ARM.Collect$$libinit$$00000000) refers (Special) to libinit2.o(.ARM.Collect$$libinit$$00000015) for __rt_lib_init_lc_monetary_1
    libinit.o(.ARM.Collect$$libinit$$00000000) refers (Special) to libinit2.o(.ARM.Collect$$libinit$$00000017) for __rt_lib_init_lc_numeric_1
    libinit.o(.ARM.Collect$$libinit$$00000000) refers (Special) to libinit2.o(.ARM.Collect$$libinit$$00000019) for __rt_lib_init_lc_time_1
    libinit.o(.ARM.Collect$$libinit$$00000000) refers (Special) to libinit2.o(.ARM.Collect$$libinit$$00000004) for __rt_lib_init_preinit_1
    libinit.o(.ARM.Collect$$libinit$$00000000) refers (Special) to libinit2.o(.ARM.Collect$$libinit$$0000000E) for __rt_lib_init_rand_1
    libinit.o(.ARM.Collect$$libinit$$00000000) refers (Special) to libinit2.o(.ARM.Collect$$libinit$$00000033) for __rt_lib_init_return
    libinit.o(.ARM.Collect$$libinit$$00000000) refers (Special) to libinit2.o(.ARM.Collect$$libinit$$0000001D) for __rt_lib_init_signal_1
    libinit.o(.ARM.Collect$$libinit$$00000000) refers (Special) to libinit2.o(.ARM.Collect$$libinit$$00000025) for __rt_lib_init_stdio_1
    libinit.o(.ARM.Collect$$libinit$$00000000) refers (Special) to libinit2.o(.ARM.Collect$$libinit$$0000000C) for __rt_lib_init_user_alloc_1
    libspace.o(.text) refers to libspace.o(.bss) for __libspace_start
    rtexit.o(.ARM.Collect$$rtexit$$00000000) refers (Special) to rtexit2.o(.ARM.Collect$$rtexit$$00000004) for __rt_exit_exit
    rtexit.o(.ARM.Collect$$rtexit$$00000000) refers (Special) to rtexit2.o(.ARM.Collect$$rtexit$$00000003) for __rt_exit_ls
    rtexit.o(.ARM.Collect$$rtexit$$00000000) refers (Special) to rtexit2.o(.ARM.Collect$$rtexit$$00000002) for __rt_exit_prels_1
    rtexit.o(.ARM.exidx) refers (Special) to rtexit2.o(.ARM.Collect$$rtexit$$00000004) for __rt_exit_exit
    rtexit.o(.ARM.exidx) refers (Special) to rtexit2.o(.ARM.Collect$$rtexit$$00000003) for __rt_exit_ls
    rtexit.o(.ARM.exidx) refers (Special) to rtexit2.o(.ARM.Collect$$rtexit$$00000002) for __rt_exit_prels_1
    rtexit.o(.ARM.exidx) refers to rtexit.o(.ARM.Collect$$rtexit$$00000000) for .ARM.Collect$$rtexit$$00000000
    rt_raise.o(.text) refers to __raise.o(.text) for __raise
    rt_raise.o(.text) refers to sys_exit.o(.text) for _sys_exit
    defsig_exit.o(.text) refers to sys_exit.o(.text) for _sys_exit
    defsig_fpe_inner.o(.text) refers to defsig_general.o(.text) for __default_signal_display
    libinit2.o(.ARM.Collect$$libinit$$00000010) refers to libinit2.o(.ARM.Collect$$libinit$$0000000F) for .ARM.Collect$$libinit$$0000000F
    libinit2.o(.ARM.Collect$$libinit$$00000012) refers to libinit2.o(.ARM.Collect$$libinit$$0000000F) for .ARM.Collect$$libinit$$0000000F
    libinit2.o(.ARM.Collect$$libinit$$00000014) refers to libinit2.o(.ARM.Collect$$libinit$$0000000F) for .ARM.Collect$$libinit$$0000000F
    libinit2.o(.ARM.Collect$$libinit$$00000016) refers to libinit2.o(.ARM.Collect$$libinit$$0000000F) for .ARM.Collect$$libinit$$0000000F
    libinit2.o(.ARM.Collect$$libinit$$00000018) refers to libinit2.o(.ARM.Collect$$libinit$$0000000F) for .ARM.Collect$$libinit$$0000000F
    libinit2.o(.ARM.Collect$$libinit$$00000026) refers to argv_veneer.o(.emb_text) for __ARM_argv_veneer
    libinit2.o(.ARM.Collect$$libinit$$00000027) refers to argv_veneer.o(.emb_text) for __ARM_argv_veneer
    sys_exit.o(.text) refers (Special) to use_no_semi.o(.text) for __I$use$semihosting
    sys_exit.o(.text) refers (Special) to indicate_semi.o(.text) for __semihosting_library_function
    rtexit2.o(.ARM.Collect$$rtexit$$00000003) refers to libshutdown.o(.ARM.Collect$$libshutdown$$00000000) for __rt_lib_shutdown
    rtexit2.o(.ARM.Collect$$rtexit$$00000004) refers to sys_exit.o(.text) for _sys_exit
    rtexit2.o(.ARM.exidx) refers to rtexit2.o(.ARM.Collect$$rtexit$$00000001) for .ARM.Collect$$rtexit$$00000001
    rtexit2.o(.ARM.exidx) refers to rtexit2.o(.ARM.Collect$$rtexit$$00000003) for .ARM.Collect$$rtexit$$00000003
    rtexit2.o(.ARM.exidx) refers to rtexit2.o(.ARM.Collect$$rtexit$$00000004) for .ARM.Collect$$rtexit$$00000004
    __raise.o(.text) refers to defsig.o(CL$$defsig) for __default_signal_handler
    defsig_general.o(.text) refers to sys_wrch.o(.text) for _ttywrch
    argv_veneer.o(.emb_text) refers to no_argv.o(.text) for __ARM_get_argv
    sys_wrch.o(.text) refers (Special) to use_no_semi.o(.text) for __I$use$semihosting
    sys_wrch.o(.text) refers (Special) to indicate_semi.o(.text) for __semihosting_library_function
    defsig.o(CL$$defsig) refers to defsig_fpe_inner.o(.text) for __rt_SIGFPE_inner
    defsig.o(CL$$defsig) refers to defsig_rtmem_inner.o(.text) for __rt_SIGRTMEM_inner
    _get_argv_nomalloc.o(.text) refers (Special) to hrguard.o(.text) for __heap_region$guard
    _get_argv_nomalloc.o(.text) refers to defsig_rtmem_outer.o(.text) for __rt_SIGRTMEM
    _get_argv_nomalloc.o(.text) refers to sys_command.o(.text) for _sys_command_string
    libshutdown.o(.ARM.Collect$$libshutdown$$00000000) refers (Special) to libshutdown2.o(.ARM.Collect$$libshutdown$$00000002) for __rt_lib_shutdown_cpp_1
    libshutdown.o(.ARM.Collect$$libshutdown$$00000000) refers (Special) to libshutdown2.o(.ARM.Collect$$libshutdown$$00000007) for __rt_lib_shutdown_fp_trap_1
    libshutdown.o(.ARM.Collect$$libshutdown$$00000000) refers (Special) to libshutdown2.o(.ARM.Collect$$libshutdown$$0000000F) for __rt_lib_shutdown_heap_1
    libshutdown.o(.ARM.Collect$$libshutdown$$00000000) refers (Special) to libshutdown2.o(.ARM.Collect$$libshutdown$$00000010) for __rt_lib_shutdown_return
    libshutdown.o(.ARM.Collect$$libshutdown$$00000000) refers (Special) to libshutdown2.o(.ARM.Collect$$libshutdown$$0000000A) for __rt_lib_shutdown_signal_1
    libshutdown.o(.ARM.Collect$$libshutdown$$00000000) refers (Special) to libshutdown2.o(.ARM.Collect$$libshutdown$$00000004) for __rt_lib_shutdown_stdio_1
    libshutdown.o(.ARM.Collect$$libshutdown$$00000000) refers (Special) to libshutdown2.o(.ARM.Collect$$libshutdown$$0000000C) for __rt_lib_shutdown_user_alloc_1
    sys_command.o(.text) refers (Special) to use_no_semi.o(.text) for __I$use$semihosting
    sys_command.o(.text) refers (Special) to indicate_semi.o(.text) for __semihosting_library_function
    defsig_abrt_inner.o(.text) refers to defsig_general.o(.text) for __default_signal_display
    defsig_rtred_inner.o(.text) refers to defsig_general.o(.text) for __default_signal_display
    defsig_rtmem_inner.o(.text) refers to defsig_general.o(.text) for __default_signal_display
    defsig_rtmem_outer.o(.text) refers to defsig_rtmem_inner.o(.text) for __rt_SIGRTMEM_inner
    defsig_rtmem_outer.o(.text) refers to defsig_exit.o(.text) for __sig_exit
    defsig_rtmem_formal.o(.text) refers to rt_raise.o(.text) for __rt_raise
    defsig_stak_inner.o(.text) refers to defsig_general.o(.text) for __default_signal_display
    defsig_pvfn_inner.o(.text) refers to defsig_general.o(.text) for __default_signal_display
    defsig_cppl_inner.o(.text) refers to defsig_general.o(.text) for __default_signal_display
    defsig_segv_inner.o(.text) refers to defsig_general.o(.text) for __default_signal_display
    defsig_other.o(.text) refers to defsig_general.o(.text) for __default_signal_display


==============================================================================

Removing Unused input sections from the image.

    Removing test.o(.rev16_text), (4 bytes).
    Removing test.o(.revsh_text), (4 bytes).
    Removing debug_frmwrk.o(.rev16_text), (4 bytes).
    Removing debug_frmwrk.o(.revsh_text), (4 bytes).
    Removing debug_frmwrk.o(i.UARTGetChar), (26 bytes).
    Removing debug_frmwrk.o(i.UARTPutChar), (18 bytes).
    Removing debug_frmwrk.o(i.UARTPutDec), (96 bytes).
    Removing debug_frmwrk.o(i.UARTPutDec16), (160 bytes).
    Removing debug_frmwrk.o(i.UARTPutDec32), (300 bytes).
    Removing debug_frmwrk.o(i.UARTPutHex), (72 bytes).
    Removing debug_frmwrk.o(i.UARTPutHex16), (72 bytes).
    Removing debug_frmwrk.o(i.UARTPutHex32), (72 bytes).
    Removing debug_frmwrk.o(i.UARTPuts), (28 bytes).
    Removing debug_frmwrk.o(i.UARTPuts_), (28 bytes).
    Removing debug_frmwrk.o(i.debug_frmwrk_init), (224 bytes).
    Removing debug_frmwrk.o(.data), (40 bytes).
    Removing lpc17xx_adc.o(.rev16_text), (4 bytes).
    Removing lpc17xx_adc.o(.revsh_text), (4 bytes).
    Removing lpc17xx_adc.o(i.ADC_BurstCmd), (108 bytes).
    Removing lpc17xx_adc.o(i.ADC_DeInit), (128 bytes).
    Removing lpc17xx_adc.o(i.ADC_EdgeStartConfig), (124 bytes).
    Removing lpc17xx_adc.o(i.ADC_GetData), (24 bytes).
    Removing lpc17xx_adc.o(i.ADC_GlobalGetData), (92 bytes).
    Removing lpc17xx_adc.o(i.ADC_GlobalGetStatus), (132 bytes).
    Removing lpc17xx_adc.o(i.ADC_PowerdownCmd), (108 bytes).
    Removing lpc17xx_clkpwr.o(.rev16_text), (4 bytes).
    Removing lpc17xx_clkpwr.o(.revsh_text), (4 bytes).
    Removing lpc17xx_clkpwr.o(i.CLKPWR_DeepPowerDown), (24 bytes).
    Removing lpc17xx_clkpwr.o(i.CLKPWR_DeepSleep), (24 bytes).
    Removing lpc17xx_clkpwr.o(i.CLKPWR_PowerDown), (24 bytes).
    Removing lpc17xx_clkpwr.o(i.CLKPWR_Sleep), (16 bytes).
    Removing lpc17xx_exti.o(.rev16_text), (4 bytes).
    Removing lpc17xx_exti.o(.revsh_text), (4 bytes).
    Removing lpc17xx_exti.o(i.EXTI_DeInit), (2 bytes).
    Removing lpc17xx_gpio.o(.rev16_text), (4 bytes).
    Removing lpc17xx_gpio.o(.revsh_text), (4 bytes).
    Removing lpc17xx_gpio.o(i.FIO_ByteClearValue), (34 bytes).
    Removing lpc17xx_gpio.o(i.FIO_ByteGetPointer), (56 bytes).
    Removing lpc17xx_gpio.o(i.FIO_ByteReadValue), (32 bytes).
    Removing lpc17xx_gpio.o(i.FIO_ByteSetDir), (50 bytes).
    Removing lpc17xx_gpio.o(i.FIO_ByteSetMask), (66 bytes).
    Removing lpc17xx_gpio.o(i.FIO_ByteSetValue), (34 bytes).
    Removing lpc17xx_gpio.o(i.FIO_ClearInt), (16 bytes).
    Removing lpc17xx_gpio.o(i.FIO_ClearValue), (16 bytes).
    Removing lpc17xx_gpio.o(i.FIO_GetIntStatus), (20 bytes).
    Removing lpc17xx_gpio.o(i.FIO_HalfWordClearValue), (32 bytes).
    Removing lpc17xx_gpio.o(i.FIO_HalfWordGetPointer), (56 bytes).
    Removing lpc17xx_gpio.o(i.FIO_HalfWordReadValue), (30 bytes).
    Removing lpc17xx_gpio.o(i.FIO_HalfWordSetDir), (62 bytes).
    Removing lpc17xx_gpio.o(i.FIO_HalfWordSetMask), (62 bytes).
    Removing lpc17xx_gpio.o(i.FIO_HalfWordSetValue), (32 bytes).
    Removing lpc17xx_gpio.o(i.FIO_IntCmd), (20 bytes).
    Removing lpc17xx_gpio.o(i.FIO_ReadValue), (12 bytes).
    Removing lpc17xx_gpio.o(i.FIO_SetDir), (20 bytes).
    Removing lpc17xx_gpio.o(i.FIO_SetMask), (40 bytes).
    Removing lpc17xx_gpio.o(i.FIO_SetValue), (16 bytes).
    Removing lpc17xx_gpio.o(i.GPIO_ClearInt), (32 bytes).
    Removing lpc17xx_gpio.o(i.GPIO_ClearValue), (20 bytes).
    Removing lpc17xx_gpio.o(i.GPIO_GetIntStatus), (88 bytes).
    Removing lpc17xx_gpio.o(i.GPIO_GetPointer), (56 bytes).
    Removing lpc17xx_gpio.o(i.GPIO_IntCmd), (64 bytes).
    Removing lpc17xx_gpio.o(i.GPIO_ReadValue), (22 bytes).
    Removing lpc17xx_gpio.o(i.GPIO_SetDir), (40 bytes).
    Removing lpc17xx_gpio.o(i.GPIO_SetValue), (20 bytes).
    Removing lpc17xx_pinsel.o(.rev16_text), (4 bytes).
    Removing lpc17xx_pinsel.o(.revsh_text), (4 bytes).
    Removing lpc17xx_pinsel.o(i.PINSEL_ConfigTraceFunc), (40 bytes).
    Removing lpc17xx_pinsel.o(i.PINSEL_SetI2C0Pins), (20 bytes).
    Removing lpc17xx_uart.o(.rev16_text), (4 bytes).
    Removing lpc17xx_uart.o(.revsh_text), (4 bytes).
    Removing lpc17xx_uart.o(i.UART_ABClearIntPending), (140 bytes).
    Removing lpc17xx_uart.o(i.UART_ABCmd), (264 bytes).
    Removing lpc17xx_uart.o(i.UART_CheckBusy), (18 bytes).
    Removing lpc17xx_uart.o(i.UART_ConfigStructInit), (18 bytes).
    Removing lpc17xx_uart.o(i.UART_DeInit), (188 bytes).
    Removing lpc17xx_uart.o(i.UART_FIFOConfig), (320 bytes).
    Removing lpc17xx_uart.o(i.UART_FIFOConfigStructInit), (14 bytes).
    Removing lpc17xx_uart.o(i.UART_ForceBreak), (144 bytes).
    Removing lpc17xx_uart.o(i.UART_FullModemConfigMode), (188 bytes).
    Removing lpc17xx_uart.o(i.UART_FullModemForcePinState), (176 bytes).
    Removing lpc17xx_uart.o(i.UART_FullModemGetStatus), (92 bytes).
    Removing lpc17xx_uart.o(i.UART_GetIntId), (128 bytes).
    Removing lpc17xx_uart.o(i.UART_GetLineStatus), (132 bytes).
    Removing lpc17xx_uart.o(i.UART_Init), (568 bytes).
    Removing lpc17xx_uart.o(i.UART_IntConfig), (328 bytes).
    Removing lpc17xx_uart.o(i.UART_IrDACmd), (140 bytes).
    Removing lpc17xx_uart.o(i.UART_IrDAInvtInputCmd), (140 bytes).
    Removing lpc17xx_uart.o(i.UART_IrDAPulseDivConfig), (164 bytes).
    Removing lpc17xx_uart.o(i.UART_RS485Config), (348 bytes).
    Removing lpc17xx_uart.o(i.UART_RS485ReceiverCmd), (32 bytes).
    Removing lpc17xx_uart.o(i.UART_RS485Send), (88 bytes).
    Removing lpc17xx_uart.o(i.UART_RS485SendData), (22 bytes).
    Removing lpc17xx_uart.o(i.UART_RS485SendSlvAddr), (18 bytes).
    Removing lpc17xx_uart.o(i.UART_Receive), (124 bytes).
    Removing lpc17xx_uart.o(i.UART_ReceiveByte), (132 bytes).
    Removing lpc17xx_uart.o(i.UART_Send), (152 bytes).
    Removing lpc17xx_uart.o(i.UART_SendByte), (132 bytes).
    Removing lpc17xx_uart.o(i.UART_TxCmd), (204 bytes).
    Removing lpc17xx_uart.o(i.Uart0_Init), (72 bytes).
    Removing lpc17xx_uart.o(i.uart_set_divisors), (480 bytes).
    Removing fnd.o(.rev16_text), (4 bytes).
    Removing fnd.o(.revsh_text), (4 bytes).
    Removing fnd.o(i.FND_Init), (52 bytes).
    Removing motor.o(.rev16_text), (4 bytes).
    Removing motor.o(.revsh_text), (4 bytes).
    Removing led.o(.rev16_text), (4 bytes).
    Removing led.o(.revsh_text), (4 bytes).
    Removing led.o(i.Led_All_On), (44 bytes).
    Removing led.o(i.Led_Off), (96 bytes).
    Removing led.o(i.Led_On), (96 bytes).
    Removing keypad.o(.rev16_text), (4 bytes).
    Removing keypad.o(.revsh_text), (4 bytes).
    Removing keypad.o(i.EXT_IO_A_CS), (40 bytes).
    Removing keypad.o(i.EXT_IO_B_CS), (40 bytes).
    Removing keypad.o(i.EXT_IO_C_CS), (40 bytes).
    Removing keypad.o(i.EXT_IO_init), (44 bytes).
    Removing keypad.o(i.Keypad), (308 bytes).
    Removing keypad.o(i.Keypad_DIR_Input), (60 bytes).
    Removing keypad.o(i.Keypad_DIR_Output), (48 bytes).
    Removing keypad.o(i.Keypad_Input), (116 bytes).
    Removing keypad.o(i.Keypad_Output_Row_1), (76 bytes).
    Removing keypad.o(i.Keypad_Output_Row_2), (76 bytes).
    Removing keypad.o(i.Keypad_Output_Row_3), (76 bytes).
    Removing keypad.o(i.Keypad_Output_Row_4), (76 bytes).
    Removing clock.o(.rev16_text), (4 bytes).
    Removing clock.o(.revsh_text), (4 bytes).
    Removing lpc17xx_timer.o(.rev16_text), (4 bytes).
    Removing lpc17xx_timer.o(.revsh_text), (4 bytes).
    Removing lpc17xx_timer.o(i.TIM_ClearIntCapturePending), (156 bytes).
    Removing lpc17xx_timer.o(i.TIM_ConfigCapture), (196 bytes).
    Removing lpc17xx_timer.o(i.TIM_ConfigStructInit), (22 bytes).
    Removing lpc17xx_timer.o(i.TIM_DeInit), (184 bytes).
    Removing lpc17xx_timer.o(i.TIM_GetCaptureValue), (144 bytes).
    Removing lpc17xx_timer.o(i.TIM_GetIntCaptureStatus), (168 bytes).
    Removing lpc17xx_timer.o(i.TIM_GetIntStatus), (164 bytes).
    Removing lpc17xx_timer.o(i.TIM_ResetCounter), (132 bytes).
    Removing lpc17xx_timer.o(i.TIM_UpdateMatchValue), (156 bytes).
    Removing system_lpc17xx.o(.rev16_text), (4 bytes).
    Removing system_lpc17xx.o(.revsh_text), (4 bytes).
    Removing system_lpc17xx.o(i.SystemCoreClockUpdate), (424 bytes).

140 unused section(s) (total 11170 bytes) removed from the image.

==============================================================================

Image Symbol Table

    Local Symbols

    Symbol Name                              Value     Ov Type        Size  Object(Section)

    RESET                                    0x00000000   Section      204  startup_lpc17xx.o(RESET)
    ../clib/angel/boardlib.s                 0x00000000   Number         0  boardinit2.o ABSOLUTE
    ../clib/angel/boardlib.s                 0x00000000   Number         0  boardinit3.o ABSOLUTE
    ../clib/angel/boardlib.s                 0x00000000   Number         0  boardinit1.o ABSOLUTE
    ../clib/angel/boardlib.s                 0x00000000   Number         0  boardshut.o ABSOLUTE
    ../clib/angel/handlers.s                 0x00000000   Number         0  __scatter_zi.o ABSOLUTE
    ../clib/angel/handlers.s                 0x00000000   Number         0  __scatter_copy.o ABSOLUTE
    ../clib/angel/kernel.s                   0x00000000   Number         0  __rtentry4.o ABSOLUTE
    ../clib/angel/kernel.s                   0x00000000   Number         0  __rtentry.o ABSOLUTE
    ../clib/angel/kernel.s                   0x00000000   Number         0  rtexit.o ABSOLUTE
    ../clib/angel/kernel.s                   0x00000000   Number         0  __rtentry2.o ABSOLUTE
    ../clib/angel/kernel.s                   0x00000000   Number         0  rtexit2.o ABSOLUTE
    ../clib/angel/rt.s                       0x00000000   Number         0  rt_div0.o ABSOLUTE
    ../clib/angel/rt.s                       0x00000000   Number         0  aeabi_ldiv0_sigfpe.o ABSOLUTE
    ../clib/angel/rt.s                       0x00000000   Number         0  aeabi_ldiv0.o ABSOLUTE
    ../clib/angel/rt.s                       0x00000000   Number         0  rt_raise.o ABSOLUTE
    ../clib/angel/scatter.s                  0x00000000   Number         0  __scatter.o ABSOLUTE
    ../clib/angel/startup.s                  0x00000000   Number         0  __main.o ABSOLUTE
    ../clib/angel/sys.s                      0x00000000   Number         0  libspace.o ABSOLUTE
    ../clib/angel/sys.s                      0x00000000   Number         0  sys_stackheap_outer.o ABSOLUTE
    ../clib/angel/sys.s                      0x00000000   Number         0  use_no_semi.o ABSOLUTE
    ../clib/angel/sys.s                      0x00000000   Number         0  indicate_semi.o ABSOLUTE
    ../clib/angel/sysapp.c                   0x00000000   Number         0  sys_wrch.o ABSOLUTE
    ../clib/angel/sysapp.c                   0x00000000   Number         0  sys_exit.o ABSOLUTE
    ../clib/angel/sysapp.c                   0x00000000   Number         0  sys_command.o ABSOLUTE
    ../clib/armsys.c                         0x00000000   Number         0  _get_argv_nomalloc.o ABSOLUTE
    ../clib/armsys.c                         0x00000000   Number         0  no_argv.o ABSOLUTE
    ../clib/armsys.c                         0x00000000   Number         0  argv_veneer.o ABSOLUTE
    ../clib/armsys.c                         0x00000000   Number         0  argv_veneer.o ABSOLUTE
    ../clib/heapalloc.c                      0x00000000   Number         0  hrguard.o ABSOLUTE
    ../clib/heapaux.c                        0x00000000   Number         0  heapauxi.o ABSOLUTE
    ../clib/libinit.s                        0x00000000   Number         0  libshutdown2.o ABSOLUTE
    ../clib/libinit.s                        0x00000000   Number         0  libshutdown.o ABSOLUTE
    ../clib/libinit.s                        0x00000000   Number         0  libinit2.o ABSOLUTE
    ../clib/libinit.s                        0x00000000   Number         0  libinit.o ABSOLUTE
    ../clib/longlong.s                       0x00000000   Number         0  lludivv7m.o ABSOLUTE
    ../clib/signal.c                         0x00000000   Number         0  defsig_segv_inner.o ABSOLUTE
    ../clib/signal.c                         0x00000000   Number         0  defsig_cppl_inner.o ABSOLUTE
    ../clib/signal.c                         0x00000000   Number         0  defsig_pvfn_inner.o ABSOLUTE
    ../clib/signal.c                         0x00000000   Number         0  defsig_stak_inner.o ABSOLUTE
    ../clib/signal.c                         0x00000000   Number         0  defsig_rtmem_formal.o ABSOLUTE
    ../clib/signal.c                         0x00000000   Number         0  defsig_rtmem_outer.o ABSOLUTE
    ../clib/signal.c                         0x00000000   Number         0  defsig_rtmem_inner.o ABSOLUTE
    ../clib/signal.c                         0x00000000   Number         0  defsig_abrt_inner.o ABSOLUTE
    ../clib/signal.c                         0x00000000   Number         0  defsig_general.o ABSOLUTE
    ../clib/signal.c                         0x00000000   Number         0  defsig_other.o ABSOLUTE
    ../clib/signal.c                         0x00000000   Number         0  defsig_rtred_inner.o ABSOLUTE
    ../clib/signal.c                         0x00000000   Number         0  defsig_exit.o ABSOLUTE
    ../clib/signal.c                         0x00000000   Number         0  __raise.o ABSOLUTE
    ../clib/signal.c                         0x00000000   Number         0  defsig_fpe_inner.o ABSOLUTE
    ../clib/signal.c                         0x00000000   Number         0  defsig_fpe_outer.o ABSOLUTE
    ../clib/signal.c                         0x00000000   Number         0  defsig_fpe_formal.o ABSOLUTE
    ../clib/signal.s                         0x00000000   Number         0  defsig.o ABSOLUTE
    ../clib/stdlib.c                         0x00000000   Number         0  exit.o ABSOLUTE
    ../fplib/fpinit.s                        0x00000000   Number         0  fpinit.o ABSOLUTE
    ..\Huins_NXP_LPC1768_Library\Drivers\source\debug_frmwrk.c 0x00000000   Number         0  debug_frmwrk.o ABSOLUTE
    ..\Huins_NXP_LPC1768_Library\Drivers\source\lpc17xx_adc.c 0x00000000   Number         0  lpc17xx_adc.o ABSOLUTE
    ..\Huins_NXP_LPC1768_Library\Drivers\source\lpc17xx_clkpwr.c 0x00000000   Number         0  lpc17xx_clkpwr.o ABSOLUTE
    ..\Huins_NXP_LPC1768_Library\Drivers\source\lpc17xx_exti.c 0x00000000   Number         0  lpc17xx_exti.o ABSOLUTE
    ..\Huins_NXP_LPC1768_Library\Drivers\source\lpc17xx_gpio.c 0x00000000   Number         0  lpc17xx_gpio.o ABSOLUTE
    ..\Huins_NXP_LPC1768_Library\Drivers\source\lpc17xx_libcfg_default.c 0x00000000   Number         0  lpc17xx_libcfg_default.o ABSOLUTE
    ..\Huins_NXP_LPC1768_Library\Drivers\source\lpc17xx_pinsel.c 0x00000000   Number         0  lpc17xx_pinsel.o ABSOLUTE
    ..\Huins_NXP_LPC1768_Library\Drivers\source\lpc17xx_timer.c 0x00000000   Number         0  lpc17xx_timer.o ABSOLUTE
    ..\Huins_NXP_LPC1768_Library\Drivers\source\lpc17xx_uart.c 0x00000000   Number         0  lpc17xx_uart.o ABSOLUTE
    ..\\Huins_NXP_LPC1768_Library\\Drivers\\source\\debug_frmwrk.c 0x00000000   Number         0  debug_frmwrk.o ABSOLUTE
    ..\\Huins_NXP_LPC1768_Library\\Drivers\\source\\lpc17xx_adc.c 0x00000000   Number         0  lpc17xx_adc.o ABSOLUTE
    ..\\Huins_NXP_LPC1768_Library\\Drivers\\source\\lpc17xx_clkpwr.c 0x00000000   Number         0  lpc17xx_clkpwr.o ABSOLUTE
    ..\\Huins_NXP_LPC1768_Library\\Drivers\\source\\lpc17xx_exti.c 0x00000000   Number         0  lpc17xx_exti.o ABSOLUTE
    ..\\Huins_NXP_LPC1768_Library\\Drivers\\source\\lpc17xx_gpio.c 0x00000000   Number         0  lpc17xx_gpio.o ABSOLUTE
    ..\\Huins_NXP_LPC1768_Library\\Drivers\\source\\lpc17xx_pinsel.c 0x00000000   Number         0  lpc17xx_pinsel.o ABSOLUTE
    ..\\Huins_NXP_LPC1768_Library\\Drivers\\source\\lpc17xx_timer.c 0x00000000   Number         0  lpc17xx_timer.o ABSOLUTE
    ..\\Huins_NXP_LPC1768_Library\\Drivers\\source\\lpc17xx_uart.c 0x00000000   Number         0  lpc17xx_uart.o ABSOLUTE
    Driver\\source\\Clock.c                  0x00000000   Number         0  clock.o ABSOLUTE
    Driver\\source\\fnd.c                    0x00000000   Number         0  fnd.o ABSOLUTE
    Driver\\source\\keypad.c                 0x00000000   Number         0  keypad.o ABSOLUTE
    Driver\\source\\led.c                    0x00000000   Number         0  led.o ABSOLUTE
    Driver\\source\\motor.c                  0x00000000   Number         0  motor.o ABSOLUTE
    Driver\source\Clock.c                    0x00000000   Number         0  clock.o ABSOLUTE
    Driver\source\fnd.c                      0x00000000   Number         0  fnd.o ABSOLUTE
    Driver\source\keypad.c                   0x00000000   Number         0  keypad.o ABSOLUTE
    Driver\source\led.c                      0x00000000   Number         0  led.o ABSOLUTE
    Driver\source\motor.c                    0x00000000   Number         0  motor.o ABSOLUTE
    RTE\Device\LPC1768\startup_LPC17xx.s     0x00000000   Number         0  startup_lpc17xx.o ABSOLUTE
    RTE\Device\LPC1768\system_LPC17xx.c      0x00000000   Number         0  system_lpc17xx.o ABSOLUTE
    RTE\\Device\\LPC1768\\system_LPC17xx.c   0x00000000   Number         0  system_lpc17xx.o ABSOLUTE
    dc.s                                     0x00000000   Number         0  dc.o ABSOLUTE
    test.c                                   0x00000000   Number         0  test.o ABSOLUTE
    test.c                                   0x00000000   Number         0  test.o ABSOLUTE
    !!!main                                  0x000000cc   Section        8  __main.o(!!!main)
    !!!scatter                               0x000000d4   Section       52  __scatter.o(!!!scatter)
    !!handler_copy                           0x00000108   Section       26  __scatter_copy.o(!!handler_copy)
    !!handler_zi                             0x00000124   Section       28  __scatter_zi.o(!!handler_zi)
    .ARM.Collect$$libinit$$00000000          0x00000140   Section        2  libinit.o(.ARM.Collect$$libinit$$00000000)
    .ARM.Collect$$libinit$$00000002          0x00000142   Section        0  libinit2.o(.ARM.Collect$$libinit$$00000002)
    .ARM.Collect$$libinit$$00000004          0x00000142   Section        0  libinit2.o(.ARM.Collect$$libinit$$00000004)
    .ARM.Collect$$libinit$$0000000A          0x00000142   Section        0  libinit2.o(.ARM.Collect$$libinit$$0000000A)
    .ARM.Collect$$libinit$$0000000C          0x00000142   Section        0  libinit2.o(.ARM.Collect$$libinit$$0000000C)
    .ARM.Collect$$libinit$$0000000E          0x00000142   Section        0  libinit2.o(.ARM.Collect$$libinit$$0000000E)
    .ARM.Collect$$libinit$$00000011          0x00000142   Section        0  libinit2.o(.ARM.Collect$$libinit$$00000011)
    .ARM.Collect$$libinit$$00000013          0x00000142   Section        0  libinit2.o(.ARM.Collect$$libinit$$00000013)
    .ARM.Collect$$libinit$$00000015          0x00000142   Section        0  libinit2.o(.ARM.Collect$$libinit$$00000015)
    .ARM.Collect$$libinit$$00000017          0x00000142   Section        0  libinit2.o(.ARM.Collect$$libinit$$00000017)
    .ARM.Collect$$libinit$$00000019          0x00000142   Section        0  libinit2.o(.ARM.Collect$$libinit$$00000019)
    .ARM.Collect$$libinit$$0000001B          0x00000142   Section        0  libinit2.o(.ARM.Collect$$libinit$$0000001B)
    .ARM.Collect$$libinit$$0000001D          0x00000142   Section        0  libinit2.o(.ARM.Collect$$libinit$$0000001D)
    .ARM.Collect$$libinit$$0000001F          0x00000142   Section        0  libinit2.o(.ARM.Collect$$libinit$$0000001F)
    .ARM.Collect$$libinit$$00000021          0x00000142   Section        0  libinit2.o(.ARM.Collect$$libinit$$00000021)
    .ARM.Collect$$libinit$$00000023          0x00000142   Section        0  libinit2.o(.ARM.Collect$$libinit$$00000023)
    .ARM.Collect$$libinit$$00000025          0x00000142   Section        0  libinit2.o(.ARM.Collect$$libinit$$00000025)
    .ARM.Collect$$libinit$$0000002C          0x00000142   Section        0  libinit2.o(.ARM.Collect$$libinit$$0000002C)
    .ARM.Collect$$libinit$$0000002E          0x00000142   Section        0  libinit2.o(.ARM.Collect$$libinit$$0000002E)
    .ARM.Collect$$libinit$$00000030          0x00000142   Section        0  libinit2.o(.ARM.Collect$$libinit$$00000030)
    .ARM.Collect$$libinit$$00000032          0x00000142   Section        0  libinit2.o(.ARM.Collect$$libinit$$00000032)
    .ARM.Collect$$libinit$$00000033          0x00000142   Section        2  libinit2.o(.ARM.Collect$$libinit$$00000033)
    .ARM.Collect$$libshutdown$$00000000      0x00000144   Section        2  libshutdown.o(.ARM.Collect$$libshutdown$$00000000)
    .ARM.Collect$$libshutdown$$00000002      0x00000146   Section        0  libshutdown2.o(.ARM.Collect$$libshutdown$$00000002)
    .ARM.Collect$$libshutdown$$00000004      0x00000146   Section        0  libshutdown2.o(.ARM.Collect$$libshutdown$$00000004)
    .ARM.Collect$$libshutdown$$00000007      0x00000146   Section        0  libshutdown2.o(.ARM.Collect$$libshutdown$$00000007)
    .ARM.Collect$$libshutdown$$0000000A      0x00000146   Section        0  libshutdown2.o(.ARM.Collect$$libshutdown$$0000000A)
    .ARM.Collect$$libshutdown$$0000000C      0x00000146   Section        0  libshutdown2.o(.ARM.Collect$$libshutdown$$0000000C)
    .ARM.Collect$$libshutdown$$0000000F      0x00000146   Section        0  libshutdown2.o(.ARM.Collect$$libshutdown$$0000000F)
    .ARM.Collect$$libshutdown$$00000010      0x00000146   Section        2  libshutdown2.o(.ARM.Collect$$libshutdown$$00000010)
    .ARM.Collect$$rtentry$$00000000          0x00000148   Section        0  __rtentry.o(.ARM.Collect$$rtentry$$00000000)
    .ARM.Collect$$rtentry$$00000002          0x00000148   Section        0  __rtentry2.o(.ARM.Collect$$rtentry$$00000002)
    .ARM.Collect$$rtentry$$00000004          0x00000148   Section        6  __rtentry4.o(.ARM.Collect$$rtentry$$00000004)
    .ARM.Collect$$rtentry$$00000009          0x0000014e   Section        0  __rtentry2.o(.ARM.Collect$$rtentry$$00000009)
    .ARM.Collect$$rtentry$$0000000A          0x0000014e   Section        4  __rtentry2.o(.ARM.Collect$$rtentry$$0000000A)
    .ARM.Collect$$rtentry$$0000000C          0x00000152   Section        0  __rtentry2.o(.ARM.Collect$$rtentry$$0000000C)
    .ARM.Collect$$rtentry$$0000000D          0x00000152   Section        8  __rtentry2.o(.ARM.Collect$$rtentry$$0000000D)
    .ARM.Collect$$rtexit$$00000000           0x0000015a   Section        2  rtexit.o(.ARM.Collect$$rtexit$$00000000)
    .ARM.Collect$$rtexit$$00000002           0x0000015c   Section        0  rtexit2.o(.ARM.Collect$$rtexit$$00000002)
    .ARM.Collect$$rtexit$$00000003           0x0000015c   Section        4  rtexit2.o(.ARM.Collect$$rtexit$$00000003)
    .ARM.Collect$$rtexit$$00000004           0x00000160   Section        6  rtexit2.o(.ARM.Collect$$rtexit$$00000004)
    .text                                    0x00000168   Section       60  startup_lpc17xx.o(.text)
    .text                                    0x000001a4   Section      238  lludivv7m.o(.text)
    .text                                    0x00000292   Section        0  heapauxi.o(.text)
    .text                                    0x00000298   Section       74  sys_stackheap_outer.o(.text)
    .text                                    0x000002e2   Section        0  exit.o(.text)
    .text                                    0x000002f4   Section        8  libspace.o(.text)
    .ARM.__at_0x02FC                         0x000002fc   Section        4  startup_lpc17xx.o(.ARM.__at_0x02FC)
    .text                                    0x00000300   Section        0  sys_exit.o(.text)
    .text                                    0x0000030c   Section        2  use_no_semi.o(.text)
    .text                                    0x0000030e   Section        0  indicate_semi.o(.text)
    i.ADCConfig                              0x00000310   Section        0  test.o(i.ADCConfig)
    i.ADC_ChannelCmd                         0x0000033c   Section        0  lpc17xx_adc.o(i.ADC_ChannelCmd)
    i.ADC_ChannelGetData                     0x000003c8   Section        0  lpc17xx_adc.o(i.ADC_ChannelGetData)
    i.ADC_ChannelGetStatus                   0x00000434   Section        0  lpc17xx_adc.o(i.ADC_ChannelGetStatus)
    i.ADC_IRQHandler                         0x000004c8   Section        0  test.o(i.ADC_IRQHandler)
    i.ADC_Init                               0x00000530   Section        0  lpc17xx_adc.o(i.ADC_Init)
    i.ADC_IntConfig                          0x000005d4   Section        0  lpc17xx_adc.o(i.ADC_IntConfig)
    i.ADC_StartCmd                           0x00000670   Section        0  lpc17xx_adc.o(i.ADC_StartCmd)
    i.AF_ConfigPin                           0x00000700   Section        0  lpc17xx_pinsel.o(i.AF_ConfigPin)
    i.CLKPWR_ConfigPPWR                      0x00000720   Section        0  lpc17xx_clkpwr.o(i.CLKPWR_ConfigPPWR)
    i.CLKPWR_GetPCLK                         0x00000758   Section        0  lpc17xx_clkpwr.o(i.CLKPWR_GetPCLK)
    i.CLKPWR_GetPCLKSEL                      0x00000798   Section        0  lpc17xx_clkpwr.o(i.CLKPWR_GetPCLKSEL)
    i.CLKPWR_SetPCLKDiv                      0x000007c0   Section        0  lpc17xx_clkpwr.o(i.CLKPWR_SetPCLKDiv)
    i.Cycle                                  0x00000828   Section        0  motor.o(i.Cycle)
    i.Delay                                  0x00000908   Section        0  test.o(i.Delay)
    i.EINT0_IRQHandler                       0x00000914   Section        0  test.o(i.EINT0_IRQHandler)
    i.EXTIConfig                             0x00000944   Section        0  test.o(i.EXTIConfig)
    i.EXTI_ClearEXTIFlag                     0x0000095c   Section        0  lpc17xx_exti.o(i.EXTI_ClearEXTIFlag)
    i.EXTI_Config                            0x0000096c   Section        0  lpc17xx_exti.o(i.EXTI_Config)
    i.EXTI_ConfigPin                         0x0000098c   Section        0  lpc17xx_exti.o(i.EXTI_ConfigPin)
    i.EXTI_Init                              0x000009b0   Section        0  lpc17xx_exti.o(i.EXTI_Init)
    i.EXTI_SetMode                           0x000009cc   Section        0  lpc17xx_exti.o(i.EXTI_SetMode)
    i.EXTI_SetPolarity                       0x00000a00   Section        0  lpc17xx_exti.o(i.EXTI_SetPolarity)
    i.FND_COM                                0x00000a34   Section        0  fnd.o(i.FND_COM)
    i.FND_COM_CS                             0x00000aac   Section        0  fnd.o(i.FND_COM_CS)
    i.FND_COM_DATA                           0x00000ac8   Section        0  fnd.o(i.FND_COM_DATA)
    i.FND_COM_Init                           0x00000adc   Section        0  fnd.o(i.FND_COM_Init)
    i.FND_DATA                               0x00000b08   Section        0  fnd.o(i.FND_DATA)
    i.FND_Data_CS                            0x00000d04   Section        0  fnd.o(i.FND_Data_CS)
    i.FND_Data_Reset                         0x00000d1c   Section        0  fnd.o(i.FND_Data_Reset)
    i.FND_printing                           0x00000d54   Section        0  clock.o(i.FND_printing)
    i.Joystick_Init                          0x00000db0   Section        0  clock.o(i.Joystick_Init)
    i.Joystick_read                          0x00000df8   Section        0  clock.o(i.Joystick_read)
    i.Led_All_Off                            0x00000ea0   Section        0  led.o(i.Led_All_Off)
    i.Led_Init                               0x00000ecc   Section        0  led.o(i.Led_Init)
    i.Motor_Init                             0x00000f24   Section        0  motor.o(i.Motor_Init)
    i.NVIC_EnableIRQ                         0x00000f58   Section        0  test.o(i.NVIC_EnableIRQ)
    NVIC_EnableIRQ                           0x00000f59   Thumb Code    22  test.o(i.NVIC_EnableIRQ)
    i.NVIC_SetPriority                       0x00000f70   Section        0  test.o(i.NVIC_SetPriority)
    NVIC_SetPriority                         0x00000f71   Thumb Code    32  test.o(i.NVIC_SetPriority)
    i.PINSEL_ConfigPin                       0x00000f98   Section        0  lpc17xx_pinsel.o(i.PINSEL_ConfigPin)
    i.PinConfig                              0x00000fbc   Section        0  test.o(i.PinConfig)
    i.SystemInit                             0x00000fe4   Section        0  system_lpc17xx.o(i.SystemInit)
    i.TIMER0Config                           0x00001124   Section        0  test.o(i.TIMER0Config)
    i.TIMER0_IRQHandler                      0x00001168   Section        0  test.o(i.TIMER0_IRQHandler)
    i.TIM_ClearIntPending                    0x00001250   Section        0  lpc17xx_timer.o(i.TIM_ClearIntPending)
    i.TIM_Cmd                                0x000012e8   Section        0  lpc17xx_timer.o(i.TIM_Cmd)
    i.TIM_ConfigMatch                        0x00001374   Section        0  lpc17xx_timer.o(i.TIM_ConfigMatch)
    i.TIM_Init                               0x000014b4   Section        0  lpc17xx_timer.o(i.TIM_Init)
    i.Time_Handler                           0x0000160c   Section        0  clock.o(i.Time_Handler)
    i.Time_SelectDP                          0x00001670   Section        0  clock.o(i.Time_SelectDP)
    i.Time_minus                             0x00001694   Section        0  clock.o(i.Time_minus)
    i.Time_plus                              0x0000173c   Section        0  clock.o(i.Time_plus)
    i.check_failed                           0x000017ec   Section        0  lpc17xx_libcfg_default.o(i.check_failed)
    i.converPtrToTimeNum                     0x000017f0   Section        0  lpc17xx_timer.o(i.converPtrToTimeNum)
    converPtrToTimeNum                       0x000017f1   Thumb Code    46  lpc17xx_timer.o(i.converPtrToTimeNum)
    i.converUSecToVal                        0x0000182c   Section        0  lpc17xx_timer.o(i.converUSecToVal)
    converUSecToVal                          0x0000182d   Thumb Code    50  lpc17xx_timer.o(i.converUSecToVal)
    i.getPClock                              0x00001864   Section        0  lpc17xx_timer.o(i.getPClock)
    getPClock                                0x00001865   Thumb Code    66  lpc17xx_timer.o(i.getPClock)
    i.main                                   0x000018a8   Section        0  test.o(i.main)
    i.set_OpenDrainMode                      0x00001990   Section        0  lpc17xx_pinsel.o(i.set_OpenDrainMode)
    set_OpenDrainMode                        0x00001991   Thumb Code    42  lpc17xx_pinsel.o(i.set_OpenDrainMode)
    i.set_PinFunc                            0x000019c0   Section        0  lpc17xx_pinsel.o(i.set_PinFunc)
    set_PinFunc                              0x000019c1   Thumb Code    60  lpc17xx_pinsel.o(i.set_PinFunc)
    i.set_ResistorMode                       0x00001a00   Section        0  lpc17xx_pinsel.o(i.set_ResistorMode)
    set_ResistorMode                         0x00001a01   Thumb Code    60  lpc17xx_pinsel.o(i.set_ResistorMode)
    .data                                    0x10000000   Section       28  test.o(.data)
    .data                                    0x1000001c   Section        4  system_lpc17xx.o(.data)
    .bss                                     0x10000020   Section       12  test.o(.bss)
    .bss                                     0x1000002c   Section       96  libspace.o(.bss)
    HEAP                                     0x10000090   Section        0  startup_lpc17xx.o(HEAP)
    STACK                                    0x10000090   Section      512  startup_lpc17xx.o(STACK)
    Heap_Mem                                 0x10000090   Data           0  startup_lpc17xx.o(HEAP)
    Stack_Mem                                0x10000090   Data         512  startup_lpc17xx.o(STACK)
    __initial_sp                             0x10000290   Data           0  startup_lpc17xx.o(STACK)

    Global Symbols

    Symbol Name                              Value     Ov Type        Size  Object(Section)

    BuildAttributes$$THM_ISAv4$P$D$K$B$S$PE$A:L22UL41UL21$X:L11$S22US41US21$IEEE1$IW$USESV6$~STKCKD$USESV7$~SHL$OSPACE$ROPI$EBA8$UX$STANDARDLIB$REQ8$PRES8$EABIv2 0x00000000   Number         0  anon$$obj.o ABSOLUTE
    __ARM_use_no_argv                        0x00000000   Number         0  test.o ABSOLUTE
    __Vectors                                0x00000000   Data           4  startup_lpc17xx.o(RESET)
    __ARM_exceptions_init                     - Undefined Weak Reference
    __alloca_initialize                       - Undefined Weak Reference
    __arm_preinit_                            - Undefined Weak Reference
    __cpp_initialize__aeabi_                  - Undefined Weak Reference
    __cxa_finalize                            - Undefined Weak Reference
    __rt_locale                               - Undefined Weak Reference
    __sigvec_lookup                           - Undefined Weak Reference
    _atexit_init                              - Undefined Weak Reference
    _call_atexit_fns                          - Undefined Weak Reference
    _clock_init                               - Undefined Weak Reference
    _fp_trap_init                             - Undefined Weak Reference
    _fp_trap_shutdown                         - Undefined Weak Reference
    _get_lc_collate                           - Undefined Weak Reference
    _get_lc_ctype                             - Undefined Weak Reference
    _get_lc_monetary                          - Undefined Weak Reference
    _get_lc_numeric                           - Undefined Weak Reference
    _get_lc_time                              - Undefined Weak Reference
    _getenv_init                              - Undefined Weak Reference
    _handle_redirection                       - Undefined Weak Reference
    _init_alloc                               - Undefined Weak Reference
    _init_user_alloc                          - Undefined Weak Reference
    _initio                                   - Undefined Weak Reference
    _rand_init                                - Undefined Weak Reference
    _signal_finish                            - Undefined Weak Reference
    _signal_init                              - Undefined Weak Reference
    _terminate_alloc                          - Undefined Weak Reference
    _terminate_user_alloc                     - Undefined Weak Reference
    _terminateio                              - Undefined Weak Reference
    __main                                   0x000000cd   Thumb Code     8  __main.o(!!!main)
    __scatterload                            0x000000d5   Thumb Code     0  __scatter.o(!!!scatter)
    __scatterload_rt2                        0x000000d5   Thumb Code    44  __scatter.o(!!!scatter)
    __scatterload_rt2_thumb_only             0x000000d5   Thumb Code     0  __scatter.o(!!!scatter)
    __scatterload_null                       0x000000e3   Thumb Code     0  __scatter.o(!!!scatter)
    __scatterload_copy                       0x00000109   Thumb Code    26  __scatter_copy.o(!!handler_copy)
    __scatterload_zeroinit                   0x00000125   Thumb Code    28  __scatter_zi.o(!!handler_zi)
    __rt_lib_init                            0x00000141   Thumb Code     0  libinit.o(.ARM.Collect$$libinit$$00000000)
    __rt_lib_init_alloca_1                   0x00000143   Thumb Code     0  libinit2.o(.ARM.Collect$$libinit$$0000002E)
    __rt_lib_init_argv_1                     0x00000143   Thumb Code     0  libinit2.o(.ARM.Collect$$libinit$$0000002C)
    __rt_lib_init_atexit_1                   0x00000143   Thumb Code     0  libinit2.o(.ARM.Collect$$libinit$$0000001B)
    __rt_lib_init_clock_1                    0x00000143   Thumb Code     0  libinit2.o(.ARM.Collect$$libinit$$00000021)
    __rt_lib_init_cpp_1                      0x00000143   Thumb Code     0  libinit2.o(.ARM.Collect$$libinit$$00000032)
    __rt_lib_init_exceptions_1               0x00000143   Thumb Code     0  libinit2.o(.ARM.Collect$$libinit$$00000030)
    __rt_lib_init_fp_1                       0x00000143   Thumb Code     0  libinit2.o(.ARM.Collect$$libinit$$00000002)
    __rt_lib_init_fp_trap_1                  0x00000143   Thumb Code     0  libinit2.o(.ARM.Collect$$libinit$$0000001F)
    __rt_lib_init_getenv_1                   0x00000143   Thumb Code     0  libinit2.o(.ARM.Collect$$libinit$$00000023)
    __rt_lib_init_heap_1                     0x00000143   Thumb Code     0  libinit2.o(.ARM.Collect$$libinit$$0000000A)
    __rt_lib_init_lc_collate_1               0x00000143   Thumb Code     0  libinit2.o(.ARM.Collect$$libinit$$00000011)
    __rt_lib_init_lc_ctype_1                 0x00000143   Thumb Code     0  libinit2.o(.ARM.Collect$$libinit$$00000013)
    __rt_lib_init_lc_monetary_1              0x00000143   Thumb Code     0  libinit2.o(.ARM.Collect$$libinit$$00000015)
    __rt_lib_init_lc_numeric_1               0x00000143   Thumb Code     0  libinit2.o(.ARM.Collect$$libinit$$00000017)
    __rt_lib_init_lc_time_1                  0x00000143   Thumb Code     0  libinit2.o(.ARM.Collect$$libinit$$00000019)
    __rt_lib_init_preinit_1                  0x00000143   Thumb Code     0  libinit2.o(.ARM.Collect$$libinit$$00000004)
    __rt_lib_init_rand_1                     0x00000143   Thumb Code     0  libinit2.o(.ARM.Collect$$libinit$$0000000E)
    __rt_lib_init_return                     0x00000143   Thumb Code     0  libinit2.o(.ARM.Collect$$libinit$$00000033)
    __rt_lib_init_signal_1                   0x00000143   Thumb Code     0  libinit2.o(.ARM.Collect$$libinit$$0000001D)
    __rt_lib_init_stdio_1                    0x00000143   Thumb Code     0  libinit2.o(.ARM.Collect$$libinit$$00000025)
    __rt_lib_init_user_alloc_1               0x00000143   Thumb Code     0  libinit2.o(.ARM.Collect$$libinit$$0000000C)
    __rt_lib_shutdown                        0x00000145   Thumb Code     0  libshutdown.o(.ARM.Collect$$libshutdown$$00000000)
    __rt_lib_shutdown_cpp_1                  0x00000147   Thumb Code     0  libshutdown2.o(.ARM.Collect$$libshutdown$$00000002)
    __rt_lib_shutdown_fp_trap_1              0x00000147   Thumb Code     0  libshutdown2.o(.ARM.Collect$$libshutdown$$00000007)
    __rt_lib_shutdown_heap_1                 0x00000147   Thumb Code     0  libshutdown2.o(.ARM.Collect$$libshutdown$$0000000F)
    __rt_lib_shutdown_return                 0x00000147   Thumb Code     0  libshutdown2.o(.ARM.Collect$$libshutdown$$00000010)
    __rt_lib_shutdown_signal_1               0x00000147   Thumb Code     0  libshutdown2.o(.ARM.Collect$$libshutdown$$0000000A)
    __rt_lib_shutdown_stdio_1                0x00000147   Thumb Code     0  libshutdown2.o(.ARM.Collect$$libshutdown$$00000004)
    __rt_lib_shutdown_user_alloc_1           0x00000147   Thumb Code     0  libshutdown2.o(.ARM.Collect$$libshutdown$$0000000C)
    __rt_entry                               0x00000149   Thumb Code     0  __rtentry.o(.ARM.Collect$$rtentry$$00000000)
    __rt_entry_presh_1                       0x00000149   Thumb Code     0  __rtentry2.o(.ARM.Collect$$rtentry$$00000002)
    __rt_entry_sh                            0x00000149   Thumb Code     0  __rtentry4.o(.ARM.Collect$$rtentry$$00000004)
    __rt_entry_li                            0x0000014f   Thumb Code     0  __rtentry2.o(.ARM.Collect$$rtentry$$0000000A)
    __rt_entry_postsh_1                      0x0000014f   Thumb Code     0  __rtentry2.o(.ARM.Collect$$rtentry$$00000009)
    __rt_entry_main                          0x00000153   Thumb Code     0  __rtentry2.o(.ARM.Collect$$rtentry$$0000000D)
    __rt_entry_postli_1                      0x00000153   Thumb Code     0  __rtentry2.o(.ARM.Collect$$rtentry$$0000000C)
    __rt_exit                                0x0000015b   Thumb Code     0  rtexit.o(.ARM.Collect$$rtexit$$00000000)
    __rt_exit_ls                             0x0000015d   Thumb Code     0  rtexit2.o(.ARM.Collect$$rtexit$$00000003)
    __rt_exit_prels_1                        0x0000015d   Thumb Code     0  rtexit2.o(.ARM.Collect$$rtexit$$00000002)
    __rt_exit_exit                           0x00000161   Thumb Code     0  rtexit2.o(.ARM.Collect$$rtexit$$00000004)
    Reset_Handler                            0x00000169   Thumb Code     8  startup_lpc17xx.o(.text)
    NMI_Handler                              0x00000171   Thumb Code     2  startup_lpc17xx.o(.text)
    HardFault_Handler                        0x00000173   Thumb Code     2  startup_lpc17xx.o(.text)
    MemManage_Handler                        0x00000175   Thumb Code     2  startup_lpc17xx.o(.text)
    BusFault_Handler                         0x00000177   Thumb Code     2  startup_lpc17xx.o(.text)
    UsageFault_Handler                       0x00000179   Thumb Code     2  startup_lpc17xx.o(.text)
    SVC_Handler                              0x0000017b   Thumb Code     2  startup_lpc17xx.o(.text)
    DebugMon_Handler                         0x0000017d   Thumb Code     2  startup_lpc17xx.o(.text)
    PendSV_Handler                           0x0000017f   Thumb Code     2  startup_lpc17xx.o(.text)
    SysTick_Handler                          0x00000181   Thumb Code     2  startup_lpc17xx.o(.text)
    BOD_IRQHandler                           0x00000183   Thumb Code     0  startup_lpc17xx.o(.text)
    CANActivity_IRQHandler                   0x00000183   Thumb Code     0  startup_lpc17xx.o(.text)
    CAN_IRQHandler                           0x00000183   Thumb Code     0  startup_lpc17xx.o(.text)
    DMA_IRQHandler                           0x00000183   Thumb Code     0  startup_lpc17xx.o(.text)
    EINT1_IRQHandler                         0x00000183   Thumb Code     0  startup_lpc17xx.o(.text)
    EINT2_IRQHandler                         0x00000183   Thumb Code     0  startup_lpc17xx.o(.text)
    EINT3_IRQHandler                         0x00000183   Thumb Code     0  startup_lpc17xx.o(.text)
    ENET_IRQHandler                          0x00000183   Thumb Code     0  startup_lpc17xx.o(.text)
    I2C0_IRQHandler                          0x00000183   Thumb Code     0  startup_lpc17xx.o(.text)
    I2C1_IRQHandler                          0x00000183   Thumb Code     0  startup_lpc17xx.o(.text)
    I2C2_IRQHandler                          0x00000183   Thumb Code     0  startup_lpc17xx.o(.text)
    I2S_IRQHandler                           0x00000183   Thumb Code     0  startup_lpc17xx.o(.text)
    MCPWM_IRQHandler                         0x00000183   Thumb Code     0  startup_lpc17xx.o(.text)
    PLL0_IRQHandler                          0x00000183   Thumb Code     0  startup_lpc17xx.o(.text)
    PLL1_IRQHandler                          0x00000183   Thumb Code     0  startup_lpc17xx.o(.text)
    PWM1_IRQHandler                          0x00000183   Thumb Code     0  startup_lpc17xx.o(.text)
    QEI_IRQHandler                           0x00000183   Thumb Code     0  startup_lpc17xx.o(.text)
    RIT_IRQHandler                           0x00000183   Thumb Code     0  startup_lpc17xx.o(.text)
    RTC_IRQHandler                           0x00000183   Thumb Code     0  startup_lpc17xx.o(.text)
    SPI_IRQHandler                           0x00000183   Thumb Code     0  startup_lpc17xx.o(.text)
    SSP0_IRQHandler                          0x00000183   Thumb Code     0  startup_lpc17xx.o(.text)
    SSP1_IRQHandler                          0x00000183   Thumb Code     0  startup_lpc17xx.o(.text)
    TIMER1_IRQHandler                        0x00000183   Thumb Code     0  startup_lpc17xx.o(.text)
    TIMER2_IRQHandler                        0x00000183   Thumb Code     0  startup_lpc17xx.o(.text)
    TIMER3_IRQHandler                        0x00000183   Thumb Code     0  startup_lpc17xx.o(.text)
    UART0_IRQHandler                         0x00000183   Thumb Code     0  startup_lpc17xx.o(.text)
    UART1_IRQHandler                         0x00000183   Thumb Code     0  startup_lpc17xx.o(.text)
    UART2_IRQHandler                         0x00000183   Thumb Code     0  startup_lpc17xx.o(.text)
    UART3_IRQHandler                         0x00000183   Thumb Code     0  startup_lpc17xx.o(.text)
    USBActivity_IRQHandler                   0x00000183   Thumb Code     0  startup_lpc17xx.o(.text)
    USB_IRQHandler                           0x00000183   Thumb Code     0  startup_lpc17xx.o(.text)
    WDT_IRQHandler                           0x00000183   Thumb Code     0  startup_lpc17xx.o(.text)
    __user_initial_stackheap                 0x00000185   Thumb Code     0  startup_lpc17xx.o(.text)
    __aeabi_uldivmod                         0x000001a5   Thumb Code     0  lludivv7m.o(.text)
    _ll_udiv                                 0x000001a5   Thumb Code   238  lludivv7m.o(.text)
    __use_two_region_memory                  0x00000293   Thumb Code     2  heapauxi.o(.text)
    __rt_heap_escrow$2region                 0x00000295   Thumb Code     2  heapauxi.o(.text)
    __rt_heap_expand$2region                 0x00000297   Thumb Code     2  heapauxi.o(.text)
    __user_setup_stackheap                   0x00000299   Thumb Code    74  sys_stackheap_outer.o(.text)
    exit                                     0x000002e3   Thumb Code    18  exit.o(.text)
    __user_libspace                          0x000002f5   Thumb Code     8  libspace.o(.text)
    __user_perproc_libspace                  0x000002f5   Thumb Code     0  libspace.o(.text)
    __user_perthread_libspace                0x000002f5   Thumb Code     0  libspace.o(.text)
    _sys_exit                                0x00000301   Thumb Code     8  sys_exit.o(.text)
    __I$use$semihosting                      0x0000030d   Thumb Code     0  use_no_semi.o(.text)
    __use_no_semihosting_swi                 0x0000030d   Thumb Code     2  use_no_semi.o(.text)
    __semihosting_library_function           0x0000030f   Thumb Code     0  indicate_semi.o(.text)
    ADCConfig                                0x00000311   Thumb Code    36  test.o(i.ADCConfig)
    ADC_ChannelCmd                           0x0000033d   Thumb Code    74  lpc17xx_adc.o(i.ADC_ChannelCmd)
    ADC_ChannelGetData                       0x000003c9   Thumb Code    44  lpc17xx_adc.o(i.ADC_ChannelGetData)
    ADC_ChannelGetStatus                     0x00000435   Thumb Code    84  lpc17xx_adc.o(i.ADC_ChannelGetStatus)
    ADC_IRQHandler                           0x000004c9   Thumb Code    82  test.o(i.ADC_IRQHandler)
    ADC_Init                                 0x00000531   Thumb Code    94  lpc17xx_adc.o(i.ADC_Init)
    ADC_IntConfig                            0x000005d5   Thumb Code    92  lpc17xx_adc.o(i.ADC_IntConfig)
    ADC_StartCmd                             0x00000671   Thumb Code    80  lpc17xx_adc.o(i.ADC_StartCmd)
    AF_ConfigPin                             0x00000701   Thumb Code    30  lpc17xx_pinsel.o(i.AF_ConfigPin)
    CLKPWR_ConfigPPWR                        0x00000721   Thumb Code    46  lpc17xx_clkpwr.o(i.CLKPWR_ConfigPPWR)
    CLKPWR_GetPCLK                           0x00000759   Thumb Code    58  lpc17xx_clkpwr.o(i.CLKPWR_GetPCLK)
    CLKPWR_GetPCLKSEL                        0x00000799   Thumb Code    34  lpc17xx_clkpwr.o(i.CLKPWR_GetPCLKSEL)
    CLKPWR_SetPCLKDiv                        0x000007c1   Thumb Code    94  lpc17xx_clkpwr.o(i.CLKPWR_SetPCLKDiv)
    Cycle                                    0x00000829   Thumb Code   208  motor.o(i.Cycle)
    Delay                                    0x00000909   Thumb Code    12  test.o(i.Delay)
    EINT0_IRQHandler                         0x00000915   Thumb Code    38  test.o(i.EINT0_IRQHandler)
    EXTIConfig                               0x00000945   Thumb Code    24  test.o(i.EXTIConfig)
    EXTI_ClearEXTIFlag                       0x0000095d   Thumb Code    10  lpc17xx_exti.o(i.EXTI_ClearEXTIFlag)
    EXTI_Config                              0x0000096d   Thumb Code    28  lpc17xx_exti.o(i.EXTI_Config)
    EXTI_ConfigPin                           0x0000098d   Thumb Code    36  lpc17xx_exti.o(i.EXTI_ConfigPin)
    EXTI_Init                                0x000009b1   Thumb Code    20  lpc17xx_exti.o(i.EXTI_Init)
    EXTI_SetMode                             0x000009cd   Thumb Code    42  lpc17xx_exti.o(i.EXTI_SetMode)
    EXTI_SetPolarity                         0x00000a01   Thumb Code    42  lpc17xx_exti.o(i.EXTI_SetPolarity)
    FND_COM                                  0x00000a35   Thumb Code   114  fnd.o(i.FND_COM)
    FND_COM_CS                               0x00000aad   Thumb Code    24  fnd.o(i.FND_COM_CS)
    FND_COM_DATA                             0x00000ac9   Thumb Code    20  fnd.o(i.FND_COM_DATA)
    FND_COM_Init                             0x00000add   Thumb Code    38  fnd.o(i.FND_COM_Init)
    FND_DATA                                 0x00000b09   Thumb Code   504  fnd.o(i.FND_DATA)
    FND_Data_CS                              0x00000d05   Thumb Code    18  fnd.o(i.FND_Data_CS)
    FND_Data_Reset                           0x00000d1d   Thumb Code    50  fnd.o(i.FND_Data_Reset)
    FND_printing                             0x00000d55   Thumb Code    76  clock.o(i.FND_printing)
    Joystick_Init                            0x00000db1   Thumb Code    68  clock.o(i.Joystick_Init)
    Joystick_read                            0x00000df9   Thumb Code   150  clock.o(i.Joystick_read)
    Led_All_Off                              0x00000ea1   Thumb Code    38  led.o(i.Led_All_Off)
    Led_Init                                 0x00000ecd   Thumb Code    84  led.o(i.Led_Init)
    Motor_Init                               0x00000f25   Thumb Code    44  motor.o(i.Motor_Init)
    PINSEL_ConfigPin                         0x00000f99   Thumb Code    36  lpc17xx_pinsel.o(i.PINSEL_ConfigPin)
    PinConfig                                0x00000fbd   Thumb Code    38  test.o(i.PinConfig)
    SystemInit                               0x00000fe5   Thumb Code   302  system_lpc17xx.o(i.SystemInit)
    TIMER0Config                             0x00001125   Thumb Code    60  test.o(i.TIMER0Config)
    TIMER0_IRQHandler                        0x00001169   Thumb Code   204  test.o(i.TIMER0_IRQHandler)
    TIM_ClearIntPending                      0x00001251   Thumb Code    80  lpc17xx_timer.o(i.TIM_ClearIntPending)
    TIM_Cmd                                  0x000012e9   Thumb Code    66  lpc17xx_timer.o(i.TIM_Cmd)
    TIM_ConfigMatch                          0x00001375   Thumb Code   246  lpc17xx_timer.o(i.TIM_ConfigMatch)
    TIM_Init                                 0x000014b5   Thumb Code   272  lpc17xx_timer.o(i.TIM_Init)
    Time_Handler                             0x0000160d   Thumb Code    94  clock.o(i.Time_Handler)
    Time_SelectDP                            0x00001671   Thumb Code    30  clock.o(i.Time_SelectDP)
    Time_minus                               0x00001695   Thumb Code   152  clock.o(i.Time_minus)
    Time_plus                                0x0000173d   Thumb Code   160  clock.o(i.Time_plus)
    check_failed                             0x000017ed   Thumb Code     4  lpc17xx_libcfg_default.o(i.check_failed)
    main                                     0x000018a9   Thumb Code   210  test.o(i.main)
    Region$$Table$$Base                      0x00001a40   Number         0  anon$$obj.o(Region$$Table)
    Region$$Table$$Limit                     0x00001a60   Number         0  anon$$obj.o(Region$$Table)
    adc_value                                0x10000000   Data           4  test.o(.data)
    adc_flag                                 0x10000004   Data           4  test.o(.data)
    int_flag                                 0x10000008   Data           1  test.o(.data)
    time_flag                                0x10000009   Data           1  test.o(.data)
    time_10h                                 0x1000000a   Data           1  test.o(.data)
    time_1h                                  0x1000000b   Data           1  test.o(.data)
    time_10m                                 0x1000000c   Data           1  test.o(.data)
    time_1m                                  0x1000000d   Data           1  test.o(.data)
    time_10s                                 0x1000000e   Data           1  test.o(.data)
    time_1s                                  0x1000000f   Data           1  test.o(.data)
    time_handle                              0x10000010   Data           1  test.o(.data)
    time_handle_check                        0x10000011   Data           1  test.o(.data)
    time_select                              0x10000012   Data           1  test.o(.data)
    TIM_ConfigStruct                         0x10000014   Data           8  test.o(.data)
    SystemCoreClock                          0x1000001c   Data           4  system_lpc17xx.o(.data)
    TIM_MatchConfigStruct                    0x10000020   Data          12  test.o(.bss)
    __libspace_start                         0x1000002c   Data          96  libspace.o(.bss)
    __temporary_stack_top$libspace           0x1000008c   Data           0  libspace.o(.bss)



==============================================================================

Memory Map of the image

  Image Entry point : 0x00000169

  Load Region LR_1 (Base: 0x00000000, Size: 0x00001a80, Max: 0xffffffff, ABSOLUTE)

    Execution Region ER_RO (Exec base: 0x00000000, Load base: 0x00000000, Size: 0x00001a60, Max: 0xffffffff, ABSOLUTE)

    Exec Addr    Load Addr    Size         Type   Attr      Idx    E Section Name        Object

    0x00000000   0x00000000   0x000000cc   Data   RO         1290    RESET               startup_lpc17xx.o
    0x000000cc   0x000000cc   0x00000008   Code   RO         1336  * !!!main             c_w.l(__main.o)
    0x000000d4   0x000000d4   0x00000034   Code   RO         1503    !!!scatter          c_w.l(__scatter.o)
    0x00000108   0x00000108   0x0000001a   Code   RO         1505    !!handler_copy      c_w.l(__scatter_copy.o)
    0x00000122   0x00000122   0x00000002   PAD
    0x00000124   0x00000124   0x0000001c   Code   RO         1507    !!handler_zi        c_w.l(__scatter_zi.o)
    0x00000140   0x00000140   0x00000002   Code   RO         1373    .ARM.Collect$$libinit$$00000000  c_w.l(libinit.o)
    0x00000142   0x00000142   0x00000000   Code   RO         1386    .ARM.Collect$$libinit$$00000002  c_w.l(libinit2.o)
    0x00000142   0x00000142   0x00000000   Code   RO         1388    .ARM.Collect$$libinit$$00000004  c_w.l(libinit2.o)
    0x00000142   0x00000142   0x00000000   Code   RO         1391    .ARM.Collect$$libinit$$0000000A  c_w.l(libinit2.o)
    0x00000142   0x00000142   0x00000000   Code   RO         1393    .ARM.Collect$$libinit$$0000000C  c_w.l(libinit2.o)
    0x00000142   0x00000142   0x00000000   Code   RO         1395    .ARM.Collect$$libinit$$0000000E  c_w.l(libinit2.o)
    0x00000142   0x00000142   0x00000000   Code   RO         1398    .ARM.Collect$$libinit$$00000011  c_w.l(libinit2.o)
    0x00000142   0x00000142   0x00000000   Code   RO         1400    .ARM.Collect$$libinit$$00000013  c_w.l(libinit2.o)
    0x00000142   0x00000142   0x00000000   Code   RO         1402    .ARM.Collect$$libinit$$00000015  c_w.l(libinit2.o)
    0x00000142   0x00000142   0x00000000   Code   RO         1404    .ARM.Collect$$libinit$$00000017  c_w.l(libinit2.o)
    0x00000142   0x00000142   0x00000000   Code   RO         1406    .ARM.Collect$$libinit$$00000019  c_w.l(libinit2.o)
    0x00000142   0x00000142   0x00000000   Code   RO         1408    .ARM.Collect$$libinit$$0000001B  c_w.l(libinit2.o)
    0x00000142   0x00000142   0x00000000   Code   RO         1410    .ARM.Collect$$libinit$$0000001D  c_w.l(libinit2.o)
    0x00000142   0x00000142   0x00000000   Code   RO         1412    .ARM.Collect$$libinit$$0000001F  c_w.l(libinit2.o)
    0x00000142   0x00000142   0x00000000   Code   RO         1414    .ARM.Collect$$libinit$$00000021  c_w.l(libinit2.o)
    0x00000142   0x00000142   0x00000000   Code   RO         1416    .ARM.Collect$$libinit$$00000023  c_w.l(libinit2.o)
    0x00000142   0x00000142   0x00000000   Code   RO         1418    .ARM.Collect$$libinit$$00000025  c_w.l(libinit2.o)
    0x00000142   0x00000142   0x00000000   Code   RO         1422    .ARM.Collect$$libinit$$0000002C  c_w.l(libinit2.o)
    0x00000142   0x00000142   0x00000000   Code   RO         1424    .ARM.Collect$$libinit$$0000002E  c_w.l(libinit2.o)
    0x00000142   0x00000142   0x00000000   Code   RO         1426    .ARM.Collect$$libinit$$00000030  c_w.l(libinit2.o)
    0x00000142   0x00000142   0x00000000   Code   RO         1428    .ARM.Collect$$libinit$$00000032  c_w.l(libinit2.o)
    0x00000142   0x00000142   0x00000002   Code   RO         1429    .ARM.Collect$$libinit$$00000033  c_w.l(libinit2.o)
    0x00000144   0x00000144   0x00000002   Code   RO         1460    .ARM.Collect$$libshutdown$$00000000  c_w.l(libshutdown.o)
    0x00000146   0x00000146   0x00000000   Code   RO         1486    .ARM.Collect$$libshutdown$$00000002  c_w.l(libshutdown2.o)
    0x00000146   0x00000146   0x00000000   Code   RO         1488    .ARM.Collect$$libshutdown$$00000004  c_w.l(libshutdown2.o)
    0x00000146   0x00000146   0x00000000   Code   RO         1491    .ARM.Collect$$libshutdown$$00000007  c_w.l(libshutdown2.o)
    0x00000146   0x00000146   0x00000000   Code   RO         1494    .ARM.Collect$$libshutdown$$0000000A  c_w.l(libshutdown2.o)
    0x00000146   0x00000146   0x00000000   Code   RO         1496    .ARM.Collect$$libshutdown$$0000000C  c_w.l(libshutdown2.o)
    0x00000146   0x00000146   0x00000000   Code   RO         1499    .ARM.Collect$$libshutdown$$0000000F  c_w.l(libshutdown2.o)
    0x00000146   0x00000146   0x00000002   Code   RO         1500    .ARM.Collect$$libshutdown$$00000010  c_w.l(libshutdown2.o)
    0x00000148   0x00000148   0x00000000   Code   RO         1338    .ARM.Collect$$rtentry$$00000000  c_w.l(__rtentry.o)
    0x00000148   0x00000148   0x00000000   Code   RO         1344    .ARM.Collect$$rtentry$$00000002  c_w.l(__rtentry2.o)
    0x00000148   0x00000148   0x00000006   Code   RO         1356    .ARM.Collect$$rtentry$$00000004  c_w.l(__rtentry4.o)
    0x0000014e   0x0000014e   0x00000000   Code   RO         1346    .ARM.Collect$$rtentry$$00000009  c_w.l(__rtentry2.o)
    0x0000014e   0x0000014e   0x00000004   Code   RO         1347    .ARM.Collect$$rtentry$$0000000A  c_w.l(__rtentry2.o)
    0x00000152   0x00000152   0x00000000   Code   RO         1349    .ARM.Collect$$rtentry$$0000000C  c_w.l(__rtentry2.o)
    0x00000152   0x00000152   0x00000008   Code   RO         1350    .ARM.Collect$$rtentry$$0000000D  c_w.l(__rtentry2.o)
    0x0000015a   0x0000015a   0x00000002   Code   RO         1377    .ARM.Collect$$rtexit$$00000000  c_w.l(rtexit.o)
    0x0000015c   0x0000015c   0x00000000   Code   RO         1433    .ARM.Collect$$rtexit$$00000002  c_w.l(rtexit2.o)
    0x0000015c   0x0000015c   0x00000004   Code   RO         1434    .ARM.Collect$$rtexit$$00000003  c_w.l(rtexit2.o)
    0x00000160   0x00000160   0x00000006   Code   RO         1435    .ARM.Collect$$rtexit$$00000004  c_w.l(rtexit2.o)
    0x00000166   0x00000166   0x00000002   PAD
    0x00000168   0x00000168   0x0000003c   Code   RO         1292  * .text               startup_lpc17xx.o
    0x000001a4   0x000001a4   0x000000ee   Code   RO         1332    .text               c_w.l(lludivv7m.o)
    0x00000292   0x00000292   0x00000006   Code   RO         1334    .text               c_w.l(heapauxi.o)
    0x00000298   0x00000298   0x0000004a   Code   RO         1360    .text               c_w.l(sys_stackheap_outer.o)
    0x000002e2   0x000002e2   0x00000012   Code   RO         1362    .text               c_w.l(exit.o)
    0x000002f4   0x000002f4   0x00000008   Code   RO         1374    .text               c_w.l(libspace.o)
    0x000002fc   0x000002fc   0x00000004   Code   RO         1291    .ARM.__at_0x02FC    startup_lpc17xx.o
    0x00000300   0x00000300   0x0000000c   Code   RO         1430    .text               c_w.l(sys_exit.o)
    0x0000030c   0x0000030c   0x00000002   Code   RO         1449    .text               c_w.l(use_no_semi.o)
    0x0000030e   0x0000030e   0x00000000   Code   RO         1451    .text               c_w.l(indicate_semi.o)
    0x0000030e   0x0000030e   0x00000002   PAD
    0x00000310   0x00000310   0x0000002c   Code   RO            3    i.ADCConfig         test.o
    0x0000033c   0x0000033c   0x0000008c   Code   RO          248    i.ADC_ChannelCmd    lpc17xx_adc.o
    0x000003c8   0x000003c8   0x0000006c   Code   RO          249    i.ADC_ChannelGetData  lpc17xx_adc.o
    0x00000434   0x00000434   0x00000094   Code   RO          250    i.ADC_ChannelGetStatus  lpc17xx_adc.o
    0x000004c8   0x000004c8   0x00000068   Code   RO            4    i.ADC_IRQHandler    test.o
    0x00000530   0x00000530   0x000000a4   Code   RO          256    i.ADC_Init          lpc17xx_adc.o
    0x000005d4   0x000005d4   0x0000009c   Code   RO          257    i.ADC_IntConfig     lpc17xx_adc.o
    0x00000670   0x00000670   0x00000090   Code   RO          259    i.ADC_StartCmd      lpc17xx_adc.o
    0x00000700   0x00000700   0x0000001e   Code   RO          648    i.AF_ConfigPin      lpc17xx_pinsel.o
    0x0000071e   0x0000071e   0x00000002   PAD
    0x00000720   0x00000720   0x00000038   Code   RO          339    i.CLKPWR_ConfigPPWR  lpc17xx_clkpwr.o
    0x00000758   0x00000758   0x00000040   Code   RO          342    i.CLKPWR_GetPCLK    lpc17xx_clkpwr.o
    0x00000798   0x00000798   0x00000028   Code   RO          343    i.CLKPWR_GetPCLKSEL  lpc17xx_clkpwr.o
    0x000007c0   0x000007c0   0x00000068   Code   RO          345    i.CLKPWR_SetPCLKDiv  lpc17xx_clkpwr.o
    0x00000828   0x00000828   0x000000e0   Code   RO          966    i.Cycle             motor.o
    0x00000908   0x00000908   0x0000000c   Code   RO            5    i.Delay             test.o
    0x00000914   0x00000914   0x00000030   Code   RO            6    i.EINT0_IRQHandler  test.o
    0x00000944   0x00000944   0x00000018   Code   RO            7    i.EXTIConfig        test.o
    0x0000095c   0x0000095c   0x00000010   Code   RO          401    i.EXTI_ClearEXTIFlag  lpc17xx_exti.o
    0x0000096c   0x0000096c   0x00000020   Code   RO          402    i.EXTI_Config       lpc17xx_exti.o
    0x0000098c   0x0000098c   0x00000024   Code   RO          403    i.EXTI_ConfigPin    lpc17xx_exti.o
    0x000009b0   0x000009b0   0x0000001c   Code   RO          405    i.EXTI_Init         lpc17xx_exti.o
    0x000009cc   0x000009cc   0x00000034   Code   RO          406    i.EXTI_SetMode      lpc17xx_exti.o
    0x00000a00   0x00000a00   0x00000034   Code   RO          407    i.EXTI_SetPolarity  lpc17xx_exti.o
    0x00000a34   0x00000a34   0x00000078   Code   RO          897    i.FND_COM           fnd.o
    0x00000aac   0x00000aac   0x0000001c   Code   RO          898    i.FND_COM_CS        fnd.o
    0x00000ac8   0x00000ac8   0x00000014   Code   RO          899    i.FND_COM_DATA      fnd.o
    0x00000adc   0x00000adc   0x0000002c   Code   RO          900    i.FND_COM_Init      fnd.o
    0x00000b08   0x00000b08   0x000001fc   Code   RO          901    i.FND_DATA          fnd.o
    0x00000d04   0x00000d04   0x00000018   Code   RO          902    i.FND_Data_CS       fnd.o
    0x00000d1c   0x00000d1c   0x00000038   Code   RO          903    i.FND_Data_Reset    fnd.o
    0x00000d54   0x00000d54   0x0000005c   Code   RO         1123    i.FND_printing      clock.o
    0x00000db0   0x00000db0   0x00000048   Code   RO         1124    i.Joystick_Init     clock.o
    0x00000df8   0x00000df8   0x000000a8   Code   RO         1125    i.Joystick_read     clock.o
    0x00000ea0   0x00000ea0   0x0000002c   Code   RO          993    i.Led_All_Off       led.o
    0x00000ecc   0x00000ecc   0x00000058   Code   RO          995    i.Led_Init          led.o
    0x00000f24   0x00000f24   0x00000034   Code   RO          967    i.Motor_Init        motor.o
    0x00000f58   0x00000f58   0x00000016   Code   RO            8    i.NVIC_EnableIRQ    test.o
    0x00000f6e   0x00000f6e   0x00000002   PAD
    0x00000f70   0x00000f70   0x00000028   Code   RO            9    i.NVIC_SetPriority  test.o
    0x00000f98   0x00000f98   0x00000024   Code   RO          649    i.PINSEL_ConfigPin  lpc17xx_pinsel.o
    0x00000fbc   0x00000fbc   0x00000026   Code   RO           10    i.PinConfig         test.o
    0x00000fe2   0x00000fe2   0x00000002   PAD
    0x00000fe4   0x00000fe4   0x00000140   Code   RO         1301    i.SystemInit        system_lpc17xx.o
    0x00001124   0x00001124   0x00000044   Code   RO           11    i.TIMER0Config      test.o
    0x00001168   0x00001168   0x000000e8   Code   RO           12    i.TIMER0_IRQHandler  test.o
    0x00001250   0x00001250   0x00000098   Code   RO         1184    i.TIM_ClearIntPending  lpc17xx_timer.o
    0x000012e8   0x000012e8   0x0000008c   Code   RO         1185    i.TIM_Cmd           lpc17xx_timer.o
    0x00001374   0x00001374   0x00000140   Code   RO         1187    i.TIM_ConfigMatch   lpc17xx_timer.o
    0x000014b4   0x000014b4   0x00000158   Code   RO         1193    i.TIM_Init          lpc17xx_timer.o
    0x0000160c   0x0000160c   0x00000064   Code   RO         1126    i.Time_Handler      clock.o
    0x00001670   0x00001670   0x00000024   Code   RO         1127    i.Time_SelectDP     clock.o
    0x00001694   0x00001694   0x000000a8   Code   RO         1128    i.Time_minus        clock.o
    0x0000173c   0x0000173c   0x000000b0   Code   RO         1129    i.Time_plus         clock.o
    0x000017ec   0x000017ec   0x00000004   Code   RO          634    i.check_failed      lpc17xx_libcfg_default.o
    0x000017f0   0x000017f0   0x0000003c   Code   RO         1196    i.converPtrToTimeNum  lpc17xx_timer.o
    0x0000182c   0x0000182c   0x00000038   Code   RO         1197    i.converUSecToVal   lpc17xx_timer.o
    0x00001864   0x00001864   0x00000042   Code   RO         1198    i.getPClock         lpc17xx_timer.o
    0x000018a6   0x000018a6   0x00000002   PAD
    0x000018a8   0x000018a8   0x000000e8   Code   RO           13    i.main              test.o
    0x00001990   0x00001990   0x00000030   Code   RO          652    i.set_OpenDrainMode  lpc17xx_pinsel.o
    0x000019c0   0x000019c0   0x00000040   Code   RO          653    i.set_PinFunc       lpc17xx_pinsel.o
    0x00001a00   0x00001a00   0x00000040   Code   RO          654    i.set_ResistorMode  lpc17xx_pinsel.o
    0x00001a40   0x00001a40   0x00000020   Data   RO         1501    Region$$Table       anon$$obj.o


    Execution Region ER_RW (Exec base: 0x10000000, Load base: 0x00001a60, Size: 0x00000020, Max: 0xffffffff, ABSOLUTE)

    Exec Addr    Load Addr    Size         Type   Attr      Idx    E Section Name        Object

    0x10000000   0x00001a60   0x0000001c   Data   RW           15    .data               test.o
    0x1000001c   0x00001a7c   0x00000004   Data   RW         1302    .data               system_lpc17xx.o


    Execution Region ER_ZI (Exec base: 0x10000020, Load base: 0x00001a80, Size: 0x00000270, Max: 0xffffffff, ABSOLUTE)

    Exec Addr    Load Addr    Size         Type   Attr      Idx    E Section Name        Object

    0x10000020        -       0x0000000c   Zero   RW           14    .bss                test.o
    0x1000002c        -       0x00000060   Zero   RW         1375    .bss                c_w.l(libspace.o)
    0x1000008c   0x00001a80   0x00000004   PAD
    0x10000090        -       0x00000000   Zero   RW         1289    HEAP                startup_lpc17xx.o
    0x10000090        -       0x00000200   Zero   RW         1288    STACK               startup_lpc17xx.o


==============================================================================

Image component sizes


      Code (inc. data)   RO Data    RW Data    ZI Data      Debug   Object Name

       812         82          0          0          0       3579   clock.o
       800         52          0          0          0       3511   fnd.o
       132         10          0          0          0        857   led.o
       860        392          0          0          0       4767   lpc17xx_adc.o
       264         32          0          0          0       2557   lpc17xx_clkpwr.o
       216         38          0          0          0       3878   lpc17xx_exti.o
         4          0          0          0          0       1059   lpc17xx_libcfg_default.o
       242         14          0          0          0       3882   lpc17xx_pinsel.o
      1138        312          0          0          0       5365   lpc17xx_timer.o
       276         24          0          0          0       1037   motor.o
        64         26        204          0        512       1020   startup_lpc17xx.o
       320         18          0          4          0        827   system_lpc17xx.o
       864        106          0         28         12      62106   test.o

    ----------------------------------------------------------------------
      6000       1106        236         32        524      94445   Object Totals
         0          0         32          0          0          0   (incl. Generated)
         8          0          0          0          0          0   (incl. Padding)

    ----------------------------------------------------------------------

      Code (inc. data)   RO Data    RW Data    ZI Data      Debug   Library Member Name

         8          0          0          0          0         68   __main.o
         0          0          0          0          0          0   __rtentry.o
        12          0          0          0          0          0   __rtentry2.o
         6          0          0          0          0          0   __rtentry4.o
        52          8          0          0          0          0   __scatter.o
        26          0          0          0          0          0   __scatter_copy.o
        28          0          0          0          0          0   __scatter_zi.o
        18          0          0          0          0         80   exit.o
         6          0          0          0          0        152   heapauxi.o
         0          0          0          0          0          0   indicate_semi.o
         2          0          0          0          0          0   libinit.o
         2          0          0          0          0          0   libinit2.o
         2          0          0          0          0          0   libshutdown.o
         2          0          0          0          0          0   libshutdown2.o
         8          4          0          0         96         68   libspace.o
       238          0          0          0          0        100   lludivv7m.o
         2          0          0          0          0          0   rtexit.o
        10          0          0          0          0          0   rtexit2.o
        12          4          0          0          0         68   sys_exit.o
        74          0          0          0          0         80   sys_stackheap_outer.o
         2          0          0          0          0         68   use_no_semi.o

    ----------------------------------------------------------------------
       516         16          0          0        100        684   Library Totals
         6          0          0          0          4          0   (incl. Padding)

    ----------------------------------------------------------------------

      Code (inc. data)   RO Data    RW Data    ZI Data      Debug   Library Name

       510         16          0          0         96        684   c_w.l

    ----------------------------------------------------------------------
       516         16          0          0        100        684   Library Totals

    ----------------------------------------------------------------------

==============================================================================


      Code (inc. data)   RO Data    RW Data    ZI Data      Debug   

      6516       1122        236         32        624      92005   Grand Totals
      6516       1122        236         32        624      92005   ELF Image Totals
      6516       1122        236         32          0          0   ROM Totals

==============================================================================

    Total RO  Size (Code + RO Data)                 6752 (   6.59kB)
    Total RW  Size (RW Data + ZI Data)               656 (   0.64kB)
    Total ROM Size (Code + RO Data + RW Data)       6784 (   6.63kB)

==============================================================================

